[Licensing::Module] Trying to connect to existing licensing client channel...
Built from '6000.3/staging' branch; Version is '6000.3.8f1 (1c7db571dde0) revision 1867189'; Using compiler version '194234433'; Build Type 'Release'
OS: 'Windows 11  (10.0.26200) Professional' Language: 'es' Physical Memory: 15750 MB
BatchMode: 1, IsHumanControllingUs: 0, StartBugReporterOnCrash: 0, Is64bit: 1
[Licensing::IpcConnector] Successfully connected to: "LicenseClient-adm_mgarciajavier" at "2026-10-06T11:54:40.1770003Z"
System  architecture: x64
Process architecture: x64
Date: 2026-10-06T11:54:40Z

COMMAND LINE ARGUMENTS:
C:\Program Files\Unity\Hub\Editor\6000.3.8f1\Editor\Unity.exe
-batchmode
-nographics
-quit
-projectPath
C:/Users/adm_mgarciajavier/Documents/Unity projects/Criminal-Game
-executeMethod
FurnitureColliderRefinement.Inspect
-logFile
C:/Users/adm_mgarciajavier/Documents/Unity projects/Criminal-Game/Documentation/FurnitureColliderInspect.log
Successfully changed project path to: C:/Users/adm_mgarciajavier/Documents/Unity projects/Criminal-Game
C:/Users/adm_mgarciajavier/Documents/Unity projects/Criminal-Game
[UnityMemory] Configuration Parameters - Can be set up in boot.config
    "memorysetup-temp-allocator-size-nav-mesh-worker=65536"
    "memorysetup-temp-allocator-size-audio-worker=65536"
    "memorysetup-temp-allocator-size-gfx=262144"
    "memorysetup-allocator-temp-initial-block-size-main=262144"
    "memorysetup-allocator-temp-initial-block-size-worker=262144"
    "memorysetup-temp-allocator-size-background-worker=32768"
    "memorysetup-temp-allocator-size-job-worker=262144"
    "memorysetup-temp-allocator-size-preload-manager=33554432"
    "memorysetup-temp-allocator-size-gi-baking-worker=262144"
    "memorysetup-temp-allocator-size-gi-baking-worker=262144"
    "memorysetup-temp-allocator-size-gi-baking-worker=262144"
    "memorysetup-temp-allocator-size-gi-baking-worker=262144"
    "memorysetup-temp-allocator-size-gi-baking-worker=262144"
    "memorysetup-bucket-allocator-granularity=16"
    "memorysetup-bucket-allocator-bucket-count=8"
    "memorysetup-bucket-allocator-block-size=33554432"
    "memorysetup-bucket-allocator-block-count=8"
    "memorysetup-main-allocator-block-size=16777216"
    "memorysetup-thread-allocator-block-size=16777216"
    "memorysetup-gfx-main-allocator-block-size=16777216"
    "memorysetup-gfx-thread-allocator-block-size=16777216"
    "memorysetup-cache-allocator-block-size=4194304"
    "memorysetup-typetree-allocator-block-size=2097152"
    "memorysetup-profiler-bucket-allocator-granularity=16"
    "memorysetup-profiler-bucket-allocator-bucket-count=8"
    "memorysetup-profiler-bucket-allocator-block-size=33554432"
    "memorysetup-profiler-bucket-allocator-block-count=8"
    "memorysetup-profiler-allocator-block-size=16777216"
    "memorysetup-profiler-editor-allocator-block-size=1048576"
    "memorysetup-temp-allocator-size-main=16777216"
    "memorysetup-job-temp-allocator-block-size=2097152"
    "memorysetup-job-temp-allocator-block-size-background=1048576"
    "memorysetup-job-temp-allocator-reduction-small-platforms=262144"
    "memorysetup-temp-allocator-size-cloud-worker=32768"
Player connection [4548]  Target information:

Player connection [4548]  * "[IP] 169.254.83.107 [Port] 55506 [Flags] 2 [Guid] 3657748730 [EditorId] 3657748730 [Version] 1048832 [Id] WindowsEditor(7,SEP02003ECP4) [Debug] 1 [PackageName] WindowsEditor [ProjectName] Editor" 

Player connection [4548]  * "[IP] 10.225.3.143 [Port] 55506 [Flags] 2 [Guid] 3657748730 [EditorId] 3657748730 [Version] 1048832 [Id] WindowsEditor(7,SEP02003ECP4) [Debug] 1 [PackageName] WindowsEditor [ProjectName] Editor" 

Player connection [4548] Host joined multi-casting on [225.0.0.222:54997]...
Player connection [4548] Host joined alternative multi-casting on [225.0.0.222:34997]...
Input System module state changed to: Initialized.
[Physics::Module] Initialized fallback backend.
[Physics::Module] Id: 0xdecafbad
[Package Manager] Connected to IPC stream "Upm-5296" after 0.5 seconds.
[Licensing::Module] Licensing is not yet initialized.
[Licensing::Client] Handshaking with LicensingClient:
  Version:                 1.17.4+4293ba1
  Session Id:              dca29ddb779d4bf5bbdf34524cd677e3
  Correlation Id:          54fa6951693184acbf5e18a37c7d2537
  External correlation Id: 3005178833237501314
  Machine Id:              /vGJGymoPSYuLyiSLmM/5/OP03Q=
[Licensing::Module] Successfully connected to LicensingClient on channel: "LicenseClient-adm_mgarciajavier" (connect: 0.00s, validation: 0.00s, handshake: 2.31s)
[Licensing::IpcConnector] Successfully connected to: "LicenseClient-adm_mgarciajavier-notifications" at "2026-10-06T11:54:42.4894097Z"
[Licensing::Module] Error: Access token is unavailable; failed to update
[Licensing::Client] Successfully resolved entitlement details
[Licensing::Module] License group:
  Id: 6872099004708-UnityPersXXXX
  Product: Unity Personal
  Type: Assigned
  Expiration: Unlimited
[Licensing::Client] Successfully updated license, isAsync: True, time: 0.00
[Licensing::Client] Successfully resolved entitlement details
[Licensing::Module] Licensing Background thread has ended after 2.33s
[Licensing::Module] Licensing is initialized (took 1.22s).
[Licensing::Client] Successfully resolved entitlement details
Library Redirect Path: Library/
[Physics::Module] Selected backend.
[Physics::Module] Name: PhysX
[Physics::Module] Id: 0xf2b8ea05
[Physics::Module] SDK Version: 4.1.2
[Physics::Module] Integration Version: 1.0.0
[Physics::Module] Threading Mode: Multi-Threaded
Artifact Garbage Collection - Removed 1 unused hashed content files
Refreshing native plugins compatible for Editor in 0.47 ms, found 0 plugins.
Preloading 0 native plugins for Editor in 0.00 ms.
Initialize engine version: 6000.3.8f1 (1c7db571dde0)
[Subsystems] Discovering subsystems at path C:/Program Files/Unity/Hub/Editor/6000.3.8f1/Editor/Data/Resources/UnitySubsystems
[Subsystems] Discovering subsystems at path C:/Users/adm_mgarciajavier/Documents/Unity projects/Criminal-Game/Assets
Forcing GfxDevice: Null
GfxDevice: creating device client; kGfxThreadingModeNonThreaded
NullGfxDevice:
    Version:  NULL 1.0 [1.0]
    Renderer: Null Device
    Vendor:   Unity Technologies
Initialize mono
Mono path[0] = 'C:/Program Files/Unity/Hub/Editor/6000.3.8f1/Editor/Data/Managed'
Mono path[1] = 'C:/Program Files/Unity/Hub/Editor/6000.3.8f1/Editor/Data/MonoBleedingEdge/lib/mono/unityjit-win32'
Mono config path = 'C:/Program Files/Unity/Hub/Editor/6000.3.8f1/Editor/Data/MonoBleedingEdge/etc'
Using monoOptions --debugger-agent=transport=dt_socket,embedding=1,server=y,suspend=n,address=127.0.0.1:56296
Using cacheserver namespaces - metadata:defaultmetadata, artifacts:defaultartifacts
Using cacheserver namespaces - metadata:defaultmetadata, artifacts:defaultartifacts
ImportWorker Server TCP listen port: 0
AcceleratorClientConnectionCallback - disconnected - :0
Begin MonoManager ReloadAssembly
Registering precompiled unity dll's ...
Register platform support module: C:/Program Files/Unity/Hub/Editor/6000.3.8f1/Editor/Data/PlaybackEngines/WindowsStandaloneSupport/UnityEditor.WindowsStandalone.Extensions.dll
Registered in 0.005381 seconds.
- Loaded All Assemblies, in  0.764 seconds
Native extension for WindowsStandalone target not found
ScheduleIndexationOnStartup MainProcess:False IndexOnStartup:True
Mono: successfully reloaded assembly
- Finished resetting the current domain, in  0.597 seconds
Domain Reload Profiling: 1354ms
	BeginReloadAssembly (284ms)
		ExecutionOrderSort (0ms)
		DisableScriptedObjects (0ms)
		BackupInstance (0ms)
		ReleaseScriptingObjects (0ms)
		CreateAndSetChildDomain (16ms)
	RebuildCommonClasses (55ms)
	RebuildNativeTypeToScriptingClass (15ms)
	initialDomainReloadingComplete (86ms)
	LoadAllAssembliesAndSetupDomain (316ms)
		LoadAssemblies (262ms)
		RebuildTransferFunctionScriptingTraits (0ms)
		AnalyzeDomain (311ms)
			TypeCache.Refresh (309ms)
				TypeCache.ScanAssembly (288ms)
			BuildScriptInfoCaches (0ms)
			ResolveRequiredComponents (1ms)
	FinalizeReload (597ms)
		ReleaseScriptCaches (0ms)
		RebuildScriptCaches (0ms)
		SetupLoadedEditorAssemblies (540ms)
			LogAssemblyErrors (0ms)
			InitializePlatformSupportModulesInManaged (72ms)
			SetLoadedEditorAssemblies (6ms)
			BeforeProcessingInitializeOnLoad (122ms)
			ProcessInitializeOnLoadAttributes (238ms)
			ProcessInitializeOnLoadMethodAttributes (103ms)
			AfterProcessingInitializeOnLoad (0ms)
			EditorAssembliesLoaded (0ms)
		ExecutionOrderSort2 (0ms)
		AwakeInstancesAfterBackupRestoration (0ms)
[Licensing::Client] Successfully resolved entitlement details
Application.AssetDatabase Initial Refresh Start
Package Manager log level set to [2]
[Package Manager] Restoring resolved packages state from cache
[Licensing::Client] Successfully resolved entitlement details
[Package Manager] Registered 60 packages:
  Packages from [https://packages.unity.com]:
    com.unity.ai.navigation@2.0.10 (location: C:\Users\adm_mgarciajavier\Documents\Unity projects\Criminal-Game\Library\PackageCache\com.unity.ai.navigation@c33a115e9883)
    com.unity.collab-proxy@2.11.3 (location: C:\Users\adm_mgarciajavier\Documents\Unity projects\Criminal-Game\Library\PackageCache\com.unity.collab-proxy@e566cd3e7623)
    com.unity.formats.fbx@5.1.5 (location: C:\Users\adm_mgarciajavier\Documents\Unity projects\Criminal-Game\Library\PackageCache\com.unity.formats.fbx@86d1698ebb13)
    com.unity.ide.rider@3.0.39 (location: C:\Users\adm_mgarciajavier\Documents\Unity projects\Criminal-Game\Library\PackageCache\com.unity.ide.rider@4504839d03f7)
    com.unity.ide.visualstudio@2.0.26 (location: C:\Users\adm_mgarciajavier\Documents\Unity projects\Criminal-Game\Library\PackageCache\com.unity.ide.visualstudio@a99d56dec63f)
    com.unity.inputsystem@1.18.0 (location: C:\Users\adm_mgarciajavier\Documents\Unity projects\Criminal-Game\Library\PackageCache\com.unity.inputsystem@57d0e36f6123)
    com.unity.postprocessing@3.5.1 (location: C:\Users\adm_mgarciajavier\Documents\Unity projects\Criminal-Game\Library\PackageCache\com.unity.postprocessing@4a41da475b74)
    com.unity.timeline@1.8.10 (location: C:\Users\adm_mgarciajavier\Documents\Unity projects\Criminal-Game\Library\PackageCache\com.unity.timeline@7f8b2fb101b6)
    com.unity.visualscripting@1.9.9 (location: C:\Users\adm_mgarciajavier\Documents\Unity projects\Criminal-Game\Library\PackageCache\com.unity.visualscripting@191c0d7e3b69)
    com.unity.searcher@4.9.4 (location: C:\Users\adm_mgarciajavier\Documents\Unity projects\Criminal-Game\Library\PackageCache\com.unity.searcher@d45a78918735)
    com.autodesk.fbx@5.1.3 (location: C:\Users\adm_mgarciajavier\Documents\Unity projects\Criminal-Game\Library\PackageCache\com.autodesk.fbx@90432ec06ab5)
    com.unity.burst@1.8.27 (location: C:\Users\adm_mgarciajavier\Documents\Unity projects\Criminal-Game\Library\PackageCache\com.unity.burst@973857688024)
    com.unity.mathematics@1.3.3 (location: C:\Users\adm_mgarciajavier\Documents\Unity projects\Criminal-Game\Library\PackageCache\com.unity.mathematics@19a9377c4ffa)
    com.unity.collections@2.6.2 (location: C:\Users\adm_mgarciajavier\Documents\Unity projects\Criminal-Game\Library\PackageCache\com.unity.collections@aea9d3bd5e19)
    com.unity.nuget.mono-cecil@1.11.6 (location: C:\Users\adm_mgarciajavier\Documents\Unity projects\Criminal-Game\Library\PackageCache\com.unity.nuget.mono-cecil@ecb9724e46ff)
    com.unity.test-framework.performance@3.2.0 (location: C:\Users\adm_mgarciajavier\Documents\Unity projects\Criminal-Game\Library\PackageCache\com.unity.test-framework.performance@0840f58e4562)
  Built-in packages:
    com.unity.multiplayer.center@1.0.1 (location: C:\Users\adm_mgarciajavier\Documents\Unity projects\Criminal-Game\Library\PackageCache\com.unity.multiplayer.center@f01f4ba8d00a)
    com.unity.render-pipelines.universal@17.3.0 (location: C:\Users\adm_mgarciajavier\Documents\Unity projects\Criminal-Game\Library\PackageCache\com.unity.render-pipelines.universal@a6e30d1f59f5)
    com.unity.shadergraph@17.3.0 (location: C:\Users\adm_mgarciajavier\Documents\Unity projects\Criminal-Game\Library\PackageCache\com.unity.shadergraph@d44b48771ebb)
    com.unity.test-framework@1.6.0 (location: C:\Users\adm_mgarciajavier\Documents\Unity projects\Criminal-Game\Library\PackageCache\com.unity.test-framework@0b7a23ab2e1d)
    com.unity.ugui@2.0.0 (location: C:\Users\adm_mgarciajavier\Documents\Unity projects\Criminal-Game\Library\PackageCache\com.unity.ugui@bb329a87fcdc)
    com.unity.modules.accessibility@1.0.0 (location: C:\Users\adm_mgarciajavier\Documents\Unity projects\Criminal-Game\Library\PackageCache\com.unity.modules.accessibility)
    com.unity.modules.adaptiveperformance@1.0.0 (location: C:\Users\adm_mgarciajavier\Documents\Unity projects\Criminal-Game\Library\PackageCache\com.unity.modules.adaptiveperformance)
    com.unity.modules.ai@1.0.0 (location: C:\Users\adm_mgarciajavier\Documents\Unity projects\Criminal-Game\Library\PackageCache\com.unity.modules.ai)
    com.unity.modules.androidjni@1.0.0 (location: C:\Users\adm_mgarciajavier\Documents\Unity projects\Criminal-Game\Library\PackageCache\com.unity.modules.androidjni)
    com.unity.modules.animation@1.0.0 (location: C:\Users\adm_mgarciajavier\Documents\Unity projects\Criminal-Game\Library\PackageCache\com.unity.modules.animation)
    com.unity.modules.assetbundle@1.0.0 (location: C:\Users\adm_mgarciajavier\Documents\Unity projects\Criminal-Game\Library\PackageCache\com.unity.modules.assetbundle)
    com.unity.modules.audio@1.0.0 (location: C:\Users\adm_mgarciajavier\Documents\Unity projects\Criminal-Game\Library\PackageCache\com.unity.modules.audio)
    com.unity.modules.cloth@1.0.0 (location: C:\Users\adm_mgarciajavier\Documents\Unity projects\Criminal-Game\Library\PackageCache\com.unity.modules.cloth)
    com.unity.modules.director@1.0.0 (location: C:\Users\adm_mgarciajavier\Documents\Unity projects\Criminal-Game\Library\PackageCache\com.unity.modules.director)
    com.unity.modules.imageconversion@1.0.0 (location: C:\Users\adm_mgarciajavier\Documents\Unity projects\Criminal-Game\Library\PackageCache\com.unity.modules.imageconversion)
    com.unity.modules.imgui@1.0.0 (location: C:\Users\adm_mgarciajavier\Documents\Unity projects\Criminal-Game\Library\PackageCache\com.unity.modules.imgui)
    com.unity.modules.jsonserialize@1.0.0 (location: C:\Users\adm_mgarciajavier\Documents\Unity projects\Criminal-Game\Library\PackageCache\com.unity.modules.jsonserialize)
    com.unity.modules.particlesystem@1.0.0 (location: C:\Users\adm_mgarciajavier\Documents\Unity projects\Criminal-Game\Library\PackageCache\com.unity.modules.particlesystem)
    com.unity.modules.physics@1.0.0 (location: C:\Users\adm_mgarciajavier\Documents\Unity projects\Criminal-Game\Library\PackageCache\com.unity.modules.physics)
    com.unity.modules.physics2d@1.0.0 (location: C:\Users\adm_mgarciajavier\Documents\Unity projects\Criminal-Game\Library\PackageCache\com.unity.modules.physics2d)
    com.unity.modules.screencapture@1.0.0 (location: C:\Users\adm_mgarciajavier\Documents\Unity projects\Criminal-Game\Library\PackageCache\com.unity.modules.screencapture)
    com.unity.modules.terrain@1.0.0 (location: C:\Users\adm_mgarciajavier\Documents\Unity projects\Criminal-Game\Library\PackageCache\com.unity.modules.terrain)
    com.unity.modules.terrainphysics@1.0.0 (location: C:\Users\adm_mgarciajavier\Documents\Unity projects\Criminal-Game\Library\PackageCache\com.unity.modules.terrainphysics)
    com.unity.modules.tilemap@1.0.0 (location: C:\Users\adm_mgarciajavier\Documents\Unity projects\Criminal-Game\Library\PackageCache\com.unity.modules.tilemap)
    com.unity.modules.ui@1.0.0 (location: C:\Users\adm_mgarciajavier\Documents\Unity projects\Criminal-Game\Library\PackageCache\com.unity.modules.ui)
    com.unity.modules.uielements@1.0.0 (location: C:\Users\adm_mgarciajavier\Documents\Unity projects\Criminal-Game\Library\PackageCache\com.unity.modules.uielements)
    com.unity.modules.umbra@1.0.0 (location: C:\Users\adm_mgarciajavier\Documents\Unity projects\Criminal-Game\Library\PackageCache\com.unity.modules.umbra)
    com.unity.modules.unityanalytics@1.0.0 (location: C:\Users\adm_mgarciajavier\Documents\Unity projects\Criminal-Game\Library\PackageCache\com.unity.modules.unityanalytics)
    com.unity.modules.unitywebrequest@1.0.0 (location: C:\Users\adm_mgarciajavier\Documents\Unity projects\Criminal-Game\Library\PackageCache\com.unity.modules.unitywebrequest)
    com.unity.modules.unitywebrequestassetbundle@1.0.0 (location: C:\Users\adm_mgarciajavier\Documents\Unity projects\Criminal-Game\Library\PackageCache\com.unity.modules.unitywebrequestassetbundle)
    com.unity.modules.unitywebrequestaudio@1.0.0 (location: C:\Users\adm_mgarciajavier\Documents\Unity projects\Criminal-Game\Library\PackageCache\com.unity.modules.unitywebrequestaudio)
    com.unity.modules.unitywebrequesttexture@1.0.0 (location: C:\Users\adm_mgarciajavier\Documents\Unity projects\Criminal-Game\Library\PackageCache\com.unity.modules.unitywebrequesttexture)
    com.unity.modules.unitywebrequestwww@1.0.0 (location: C:\Users\adm_mgarciajavier\Documents\Unity projects\Criminal-Game\Library\PackageCache\com.unity.modules.unitywebrequestwww)
    com.unity.modules.vectorgraphics@1.0.0 (location: C:\Users\adm_mgarciajavier\Documents\Unity projects\Criminal-Game\Library\PackageCache\com.unity.modules.vectorgraphics)
    com.unity.modules.vehicles@1.0.0 (location: C:\Users\adm_mgarciajavier\Documents\Unity projects\Criminal-Game\Library\PackageCache\com.unity.modules.vehicles)
    com.unity.modules.video@1.0.0 (location: C:\Users\adm_mgarciajavier\Documents\Unity projects\Criminal-Game\Library\PackageCache\com.unity.modules.video)
    com.unity.modules.vr@1.0.0 (location: C:\Users\adm_mgarciajavier\Documents\Unity projects\Criminal-Game\Library\PackageCache\com.unity.modules.vr)
    com.unity.modules.wind@1.0.0 (location: C:\Users\adm_mgarciajavier\Documents\Unity projects\Criminal-Game\Library\PackageCache\com.unity.modules.wind)
    com.unity.modules.xr@1.0.0 (location: C:\Users\adm_mgarciajavier\Documents\Unity projects\Criminal-Game\Library\PackageCache\com.unity.modules.xr)
    com.unity.modules.subsystems@1.0.0 (location: C:\Users\adm_mgarciajavier\Documents\Unity projects\Criminal-Game\Library\PackageCache\com.unity.modules.subsystems)
    com.unity.modules.hierarchycore@1.0.0 (location: C:\Users\adm_mgarciajavier\Documents\Unity projects\Criminal-Game\Library\PackageCache\com.unity.modules.hierarchycore)
    com.unity.ext.nunit@2.0.5 (location: C:\Users\adm_mgarciajavier\Documents\Unity projects\Criminal-Game\Library\PackageCache\com.unity.ext.nunit@d8c07649098d)
    com.unity.render-pipelines.core@17.3.0 (location: C:\Users\adm_mgarciajavier\Documents\Unity projects\Criminal-Game\Library\PackageCache\com.unity.render-pipelines.core@d6dfd1e235d5)
    com.unity.render-pipelines.universal-config@17.0.3 (location: C:\Users\adm_mgarciajavier\Documents\Unity projects\Criminal-Game\Library\PackageCache\com.unity.render-pipelines.universal-config@8dc1aab4af1d)
[Subsystems] No new subsystems found in resolved package list.
[Package Manager] Done registering packages in 0.06 seconds
[ScriptCompilation] Requested script compilation because: Assetdatabase observed changes in script compilation related files
Starting: C:\Program Files\Unity\Hub\Editor\6000.3.8f1\Editor\Data\Tools\BuildPipeline\bee_backend.exe --ipc --defer-dag-verification --dagfile="Library/Bee/1900b0aE.dag" --continue-on-failure --profile="Library/Bee/backend1.traceevents" ScriptAssemblies
WorkingDir: C:/Users/adm_mgarciajavier/Documents/Unity projects/Criminal-Game
DisplayProgressbar: Compiling Scripts
ExitCode: 4 Duration: 0s702ms
Rebuilding DAG because FileSignature timestamp changed: Library/Bee/1900b0aE-inputdata.json
[730/932    0s] ILPP-Configuration Library/ilpp-configuration.nevergeneratedoutput
*** Tundra requires additional run (0.57 seconds), 1 items updated, 729 evaluated
Starting: C:\Program Files\Unity\Hub\Editor\6000.3.8f1\Editor\Data\netcorerun\netcorerun.exe "C:\Program Files\Unity\Hub\Editor\6000.3.8f1\Editor\Data\Tools\BuildPipeline\ScriptCompilationBuildProgram.exe" "Library/Bee/1900b0aE.dag.json" "Library/Bee/1900b0aE-inputdata.json" "Library\Bee\buildprogram0.traceevents"
WorkingDir: C:/Users/adm_mgarciajavier/Documents/Unity projects/Criminal-Game
ExitCode: 0 Duration: 1s254ms
Starting: C:\Program Files\Unity\Hub\Editor\6000.3.8f1\Editor\Data\Tools\BuildPipeline\bee_backend.exe --ipc --defer-dag-verification --dagfile="Library/Bee/1900b0aE.dag" --continue-on-failure --dagfilejson="Library\Bee\1900b0aE.dag.json" --profile="Library/Bee/backend2.traceevents" ScriptAssemblies
WorkingDir: C:/Users/adm_mgarciajavier/Documents/Unity projects/Criminal-Game
ExitCode: 0 Duration: 3s706ms
Finished compiling graph: 936 nodes, 17246 flattened edges (14322 ToBuild, 146 ToUse), maximum node priority 980
[514/932    0s] WriteText Library/Bee/artifacts/1900b0aE.dag/Assembly-CSharp-Editor.rsp
[729/932    0s] ILPP-Configuration Library/ilpp-configuration.nevergeneratedoutput
[928/932    2s] Csc Library/Bee/artifacts/1900b0aE.dag/Assembly-CSharp-Editor.dll (+2 others)
[929/932    0s] ILPostProcess Library/Bee/artifacts/1900b0aE.dag/post-processed/Assembly-CSharp-Editor.dll (+pdb)
Processing assembly Library/Bee/artifacts/1900b0aE.dag/Assembly-CSharp-Editor.dll, with 137 defines and 339 references

processors: Unity.Jobs.CodeGen.JobsILPostProcessor, zzzUnity.Burst.CodeGen.BurstILPostProcessor

running Unity.Jobs.CodeGen.JobsILPostProcessor

running zzzUnity.Burst.CodeGen.BurstILPostProcessor
[930/932    0s] CopyFiles Library/ScriptAssemblies/Assembly-CSharp-Editor.pdb
[931/932    0s] CopyFiles Library/ScriptAssemblies/Assembly-CSharp-Editor.dll
*** Tundra build success (3.60 seconds), 6 items updated, 932 evaluated
AssetDatabase: script compilation time: 6.698452s
Begin MonoManager ReloadAssembly
- Loaded All Assemblies, in  1.388 seconds
Refreshing native plugins compatible for Editor in 4.85 ms, found 4 plugins.
Native extension for WindowsStandalone target not found
ScheduleIndexationOnStartup MainProcess:True IndexOnStartup:True
Mono: successfully reloaded assembly
- Finished resetting the current domain, in  3.901 seconds
Domain Reload Profiling: 5280ms
	BeginReloadAssembly (417ms)
		ExecutionOrderSort (0ms)
		DisableScriptedObjects (18ms)
		BackupInstance (0ms)
		ReleaseScriptingObjects (0ms)
		CreateAndSetChildDomain (177ms)
	RebuildCommonClasses (39ms)
	RebuildNativeTypeToScriptingClass (12ms)
	initialDomainReloadingComplete (40ms)
	LoadAllAssembliesAndSetupDomain (870ms)
		LoadAssemblies (676ms)
		RebuildTransferFunctionScriptingTraits (0ms)
		AnalyzeDomain (352ms)
			TypeCache.Refresh (231ms)
				TypeCache.ScanAssembly (218ms)
			BuildScriptInfoCaches (99ms)
			ResolveRequiredComponents (17ms)
	FinalizeReload (3902ms)
		ReleaseScriptCaches (0ms)
		RebuildScriptCaches (0ms)
		SetupLoadedEditorAssemblies (3427ms)
			LogAssemblyErrors (0ms)
			InitializePlatformSupportModulesInManaged (28ms)
			SetLoadedEditorAssemblies (8ms)
			BeforeProcessingInitializeOnLoad (233ms)
			ProcessInitializeOnLoadAttributes (2955ms)
			ProcessInitializeOnLoadMethodAttributes (188ms)
			AfterProcessingInitializeOnLoad (14ms)
			EditorAssembliesLoaded (1ms)
		ExecutionOrderSort2 (0ms)
		AwakeInstancesAfterBackupRestoration (30ms)
Start importing Packages/com.unity.render-pipelines.core/Tests/Editor/UnifiedRayTracing/TraceRays.urtshader using Guid(1142bbad8b9e8c44c83a9775ff120d37) (ScriptedImporter)Launched and connected shader compiler UnityShaderCompiler.exe after 0.08 seconds

Compiling Ray Tracing Shader "TraceRays.urtshader", keywords = <no keywords>
    finished in 0.04 seconds. Local cache hits 1, remote cache hits 0, compiled 0 platform variants
 -> (artifact id: 'a8ea6742f6b880d9739bf23df9eb18bb') in 0.2720183 seconds
Start importing Packages/com.unity.render-pipelines.universal/Runtime/RendererFeatures/SurfaceCacheGI/SurfaceCacheCore/RisEstimation.urtshader using Guid(713f6141bd66a134383b787f2eaa7c11) (ScriptedImporter)
Compiling Ray Tracing Shader "RisEstimation.urtshader", keywords = <no keywords>
    finished in 0.00 seconds. Local cache hits 1, remote cache hits 0, compiled 0 platform variants
 -> (artifact id: '85483653542df2a9584e21311af209c0') in 0.0847668 seconds
Start importing Packages/com.unity.render-pipelines.core/Editor/Lighting/ProbeVolume/RenderingLayerMask/TraceRenderingLayerMask.urtshader using Guid(94a070d33e408384bafc1dea4a565df9) (ScriptedImporter)
Compiling Ray Tracing Shader "TraceRenderingLayerMask.urtshader", keywords = <no keywords>
    finished in 0.00 seconds. Local cache hits 1, remote cache hits 0, compiled 0 platform variants
 -> (artifact id: 'f6bb3bec601b57d177013f54cb992ef1') in 0.0427027 seconds
Start importing Packages/com.unity.render-pipelines.universal/Runtime/RendererFeatures/SurfaceCacheGI/SurfaceCacheCore/UniformEstimation.urtshader using Guid(94a39d12848d8d64ca962a72b74e7c50) (ScriptedImporter)
Compiling Ray Tracing Shader "UniformEstimation.urtshader", keywords = <no keywords>
    finished in 0.00 seconds. Local cache hits 1, remote cache hits 0, compiled 0 platform variants
 -> (artifact id: '1f0c4babd42b95190a91ecdc2fab132e') in 0.0251713 seconds
Start importing Packages/com.unity.render-pipelines.core/Tests/Editor/UnifiedRayTracing/TraceTransparentRays.urtshader using Guid(6513c3b892e933c4f8d00c19d5c47532) (ScriptedImporter)
Compiling Ray Tracing Shader "TraceTransparentRays.urtshader", keywords = <no keywords>
    finished in 0.00 seconds. Local cache hits 1, remote cache hits 0, compiled 0 platform variants
 -> (artifact id: 'd432cdd77f7a99d2ab5546ea5c7fd3a4') in 0.020172 seconds
Start importing Packages/com.unity.render-pipelines.core/Editor/Lighting/ProbeVolume/DynamicGI/DynamicGISkyOcclusion.urtshader using Guid(5a2a534753fbdb44e96c3c78b5a6999d) (ScriptedImporter)
Compiling Ray Tracing Shader "DynamicGISkyOcclusion.urtshader", keywords = <no keywords>
    finished in 0.00 seconds. Local cache hits 1, remote cache hits 0, compiled 0 platform variants
 -> (artifact id: 'fb586125401295b3b365bc0e7e9a3f46') in 0.0266497 seconds
Start importing Packages/com.unity.render-pipelines.core/Tests/Editor/UnifiedRayTracing/TraceRaysAndFetchAttributes.urtshader using Guid(fbc59f55df2416344b008dc23753cae2) (ScriptedImporter)
Compiling Ray Tracing Shader "TraceRaysAndFetchAttributes.urtshader", keywords = <no keywords>
    finished in 0.00 seconds. Local cache hits 1, remote cache hits 0, compiled 0 platform variants
 -> (artifact id: '5e518210d64afcf414624668b000722c') in 0.0183418 seconds
Start importing Packages/com.unity.render-pipelines.universal/Runtime/RendererFeatures/SurfaceCacheGI/SurfaceCacheCore/RestirCandidateTemporal.urtshader using Guid(ad3a9f9982f8c4f4a839a78955e78458) (ScriptedImporter)
Compiling Ray Tracing Shader "RestirCandidateTemporal.urtshader", keywords = <no keywords>
    finished in 0.00 seconds. Local cache hits 1, remote cache hits 0, compiled 0 platform variants
 -> (artifact id: 'bb4b7d12fb6ed0039744ade1ce8b423b') in 0.0222095 seconds
Start importing Packages/com.unity.render-pipelines.core/Editor/Lighting/ProbeVolume/VirtualOffset/TraceVirtualOffset.urtshader using Guid(ff2cbab5da58bf04d82c5f34037ed123) (ScriptedImporter)
Compiling Ray Tracing Shader "TraceVirtualOffset.urtshader", keywords = <no keywords>
    finished in 0.00 seconds. Local cache hits 1, remote cache hits 0, compiled 0 platform variants
 -> (artifact id: '6c6b9fa987ce9ca680d4a29ff6a084fa') in 0.0240245 seconds
Refreshing native plugins compatible for Editor in 5.08 ms, found 4 plugins.
Preloading 0 native plugins for Editor in 0.00 ms.
Asset Pipeline Refresh (id=2b6c8664204f5ed4db602a6f77a71bb2): Total: 14.287 seconds - Initiated by InitialRefreshV2(ForceSynchronousImport)
	Summary:
		Imports: total=0 (actual=0, local cache=0, cache server=0)
		Asset DB Process Time: managed=5 ms, native=5416 ms
		Asset DB Callback time: managed=464 ms, native=226 ms
		Scripting: domain reloads=1, domain reload time=1389 ms, compile time=6701 ms, other=84 ms
		Project Asset Count: scripts=1431, non-scripts=3316
		Asset File Changes: new=1, changed=1, moved=0, deleted=0
		Scan Filter Count: 0
	InvokeCustomDependenciesCallbacks: 0.002ms
	InvokePackagesCallback: 76.927ms
	ApplyChangesToAssetFolders: 0.957ms
	Scan: 284.507ms
	OnSourceAssetsModified: 1.140ms
	CategorizeAssetsWithTransientArtifact: 104.561ms
	ProcessAssetsWithTransientArtifactChanges: 107.248ms
	CategorizeAssets: 144.684ms
	ImportOutOfDateAssets: 4487.547ms (-2777.240ms without children)
		ImportManagerImport: 555.061ms (6.833ms without children)
			ImportInProcess: 548.227ms
		CompileScripts: 6700.939ms
		ReloadNativeAssets: 0.096ms
		UnloadImportedAssets: 2.375ms
		ReloadImportedAssets: 3.436ms
		EnsureUptoDateAssetsAreRegisteredWithGuidPM: 2.248ms
		InitializingProgressBar: 0.016ms
		PostProcessAllAssetNotificationsAddChangedAssets: 0.002ms
		OnDemandSchedulerStart: 0.614ms
	PostProcessAllAssets: 609.613ms
	Hotreload: 9.646ms
	GatherAllCurrentPrimaryArtifactRevisions: 0.002ms
	UnloadStreamsBegin: 3.517ms
	PersistCurrentRevisions: 0.754ms
	UnloadStreamsEnd: 0.003ms
	GenerateScriptTypeHashes: 12.646ms
	Untracked: 8455.766ms

Application.AssetDatabase Initial Refresh End
Scanning for USB devices : 4.974ms
Initializing Unity extensions:
[MODES] ModeService[none].Initialize
[MODES] ModeService[none].LoadModes
[MODES] Loading mode Default (0) for mode-current-id-Criminal Bussines
Unloading 37 Unused Serialized files (Serialized files now loaded: 0)
Unloading 6644 unused Assets / (3.4 MB). Loaded Objects now: 7493.
Memory consumption went from 212.4 MB to 209.0 MB.
Total: 17.570300 ms (FindLiveObjects: 1.008700 ms CreateObjectMapping: 1.961700 ms MarkObjects: 10.776000 ms  DeleteObjects: 3.821100 ms)

Loaded scene 'Library/Unused/d50936e73093e0d47b55e5c6d3b63723'
	Deserialize:            0.441 ms
	Integration:            8.257 ms
	Integration of assets:  0.002 ms
	Thread Wait Time:       0.020 ms
	Total Operation Time:   8.720 ms
Loaded scene 'Library/Unused/7bfa3d87659389f448670dccb4c39917'
	Deserialize:            0.250 ms
	Integration:            0.664 ms
	Integration of assets:  0.003 ms
	Thread Wait Time:       0.013 ms
	Total Operation Time:   0.930 ms
Loaded scene 'Library/Unused/af37a05f1467c4241802c2c25633f9da'
	Deserialize:            0.318 ms
	Integration:            1.283 ms
	Integration of assets:  0.001 ms
	Thread Wait Time:       0.012 ms
	Total Operation Time:   1.614 ms
Loaded scene 'Library/Unused/22de9cff75a8d784f8f035edeac8d67c'
	Deserialize:            0.232 ms
	Integration:            0.965 ms
	Integration of assets:  0.002 ms
	Thread Wait Time:       0.010 ms
	Total Operation Time:   1.209 ms
Loaded scene 'Library/Unused/e25aeddc668c51245bb2d5258313343d'
	Deserialize:            0.262 ms
	Integration:            1.431 ms
	Integration of assets:  0.001 ms
	Thread Wait Time:       0.011 ms
	Total Operation Time:   1.706 ms
Loaded scene 'Library/Unused/2a9482d68740c874eab9f7a100e18c95'
	Deserialize:            0.264 ms
	Integration:            2.093 ms
	Integration of assets:  0.002 ms
	Thread Wait Time:       0.015 ms
	Total Operation Time:   2.374 ms
Loaded scene 'Library/Unused/024f298419cbab447b7b91fc586b0703'
	Deserialize:            0.189 ms
	Integration:            1.166 ms
	Integration of assets:  0.002 ms
	Thread Wait Time:       0.011 ms
	Total Operation Time:   1.368 ms
Batchmode quit successfully invoked - shutting down!
Curl error 42: Callback aborted
[Physics::Module] Cleanup current backend.
[Physics::Module] Id: 0xf2b8ea05
Input System module state changed to: ShutdownInProgress.
Input System polling thread exited.
Input System module state changed to: Shutdown.
[Licensing::IpcConnector] LicenseClient-adm_mgarciajavier-notifications channel disconnected successfully.
[Licensing::IpcConnector] LicenseClient-adm_mgarciajavier channel disconnected successfully.
AcceleratorClientConnectionCallback - disconnected - :0
Cleanup mono
Exiting batchmode successfully now!
Exiting without the bug reporter. Application will terminate with return code 0