[Licensing::Module] Trying to connect to existing licensing client channel...
Built from '6000.3/staging' branch; Version is '6000.3.8f1 (1c7db571dde0) revision 1867189'; Using compiler version '194234433'; Build Type 'Release'
OS: 'Windows 11  (10.0.26200) Professional' Language: 'es' Physical Memory: 15750 MB
[Licensing::IpcConnector] Successfully connected to: "LicenseClient-adm_mgarciajavier" at "2026-10-05T11:56:46.8627968Z"
BatchMode: 1, IsHumanControllingUs: 0, StartBugReporterOnCrash: 0, Is64bit: 1
System  architecture: x64
Process architecture: x64
Date: 2026-10-05T11:56:46Z

COMMAND LINE ARGUMENTS:
C:\Program Files\Unity\Hub\Editor\6000.3.8f1\Editor\Unity.exe
-batchmode
-nographics
-quit
-projectPath
C:/Users/adm_mgarciajavier/Documents/Unity projects/Criminal-Game
-executeMethod
MovementHUDRefinement.Run
-logFile
C:/Users/adm_mgarciajavier/Documents/Unity projects/Criminal-Game/Documentation/MovementHUDRefinementFinal.log
Successfully changed project path to: C:/Users/adm_mgarciajavier/Documents/Unity projects/Criminal-Game
C:/Users/adm_mgarciajavier/Documents/Unity projects/Criminal-Game
[UnityMemory] Configuration Parameters - Can be set up in boot.config
    "memorysetup-temp-allocator-size-nav-mesh-worker=65536"
    "memorysetup-temp-allocator-size-audio-worker=65536"
    "memorysetup-temp-allocator-size-gfx=262144"
    "memorysetup-allocator-temp-initial-block-size-main=262144"
    "memorysetup-allocator-temp-initial-block-size-worker=262144"
    "memorysetup-temp-allocator-size-background-worker=32768"
    "memorysetup-temp-allocator-size-job-worker=262144"
    "memorysetup-temp-allocator-size-preload-manager=33554432"
    "memorysetup-temp-allocator-size-gi-baking-worker=262144"
    "memorysetup-temp-allocator-size-gi-baking-worker=262144"
    "memorysetup-temp-allocator-size-gi-baking-worker=262144"
    "memorysetup-temp-allocator-size-gi-baking-worker=262144"
    "memorysetup-temp-allocator-size-gi-baking-worker=262144"
    "memorysetup-bucket-allocator-granularity=16"
    "memorysetup-bucket-allocator-bucket-count=8"
    "memorysetup-bucket-allocator-block-size=33554432"
    "memorysetup-bucket-allocator-block-count=8"
    "memorysetup-main-allocator-block-size=16777216"
    "memorysetup-thread-allocator-block-size=16777216"
    "memorysetup-gfx-main-allocator-block-size=16777216"
    "memorysetup-gfx-thread-allocator-block-size=16777216"
    "memorysetup-cache-allocator-block-size=4194304"
    "memorysetup-typetree-allocator-block-size=2097152"
    "memorysetup-profiler-bucket-allocator-granularity=16"
    "memorysetup-profiler-bucket-allocator-bucket-count=8"
    "memorysetup-profiler-bucket-allocator-block-size=33554432"
    "memorysetup-profiler-bucket-allocator-block-count=8"
    "memorysetup-profiler-allocator-block-size=16777216"
    "memorysetup-profiler-editor-allocator-block-size=1048576"
    "memorysetup-temp-allocator-size-main=16777216"
    "memorysetup-job-temp-allocator-block-size=2097152"
    "memorysetup-job-temp-allocator-block-size-background=1048576"
    "memorysetup-job-temp-allocator-reduction-small-platforms=262144"
    "memorysetup-temp-allocator-size-cloud-worker=32768"
Player connection [38524]  Target information:

Player connection [38524]  * "[IP] 169.254.83.107 [Port] 55506 [Flags] 2 [Guid] 1784156324 [EditorId] 1784156324 [Version] 1048832 [Id] WindowsEditor(7,SEP02003ECP4) [Debug] 1 [PackageName] WindowsEditor [ProjectName] Editor" 

Player connection [38524]  * "[IP] 10.225.3.143 [Port] 55506 [Flags] 2 [Guid] 1784156324 [EditorId] 1784156324 [Version] 1048832 [Id] WindowsEditor(7,SEP02003ECP4) [Debug] 1 [PackageName] WindowsEditor [ProjectName] Editor" 

Player connection [38524] Host joined multi-casting on [225.0.0.222:54997]...
Player connection [38524] Host joined alternative multi-casting on [225.0.0.222:34997]...
Input System module state changed to: Initialized.
[Physics::Module] Initialized fallback backend.
[Physics::Module] Id: 0xdecafbad
[Package Manager] Connected to IPC stream "Upm-26992" after 0.4 seconds.
[Licensing::Module] Licensing is not yet initialized.
[Licensing::Client] Handshaking with LicensingClient:
  Version:                 1.17.4+4293ba1
  Session Id:              996bbaa539ea4978bc0cd724c399ef53
  Correlation Id:          54fa6951693184acbf5e18a37c7d2537
  External correlation Id: 7915743951297888400
  Machine Id:              /vGJGymoPSYuLyiSLmM/5/OP03Q=
[Licensing::Module] Successfully connected to LicensingClient on channel: "LicenseClient-adm_mgarciajavier" (connect: 0.00s, validation: 0.00s, handshake: 1.83s)
[Licensing::IpcConnector] Successfully connected to: "LicenseClient-adm_mgarciajavier-notifications" at "2026-10-05T11:56:48.69215Z"
[Licensing::Module] Error: Access token is unavailable; failed to update
[Licensing::Client] Successfully resolved entitlement details
[Licensing::Module] License group:
  Id: 6872099004708-UnityPersXXXX
  Product: Unity Personal
  Type: Assigned
  Expiration: Unlimited
[Licensing::Client] Successfully updated license, isAsync: True, time: 0.00
[Licensing::Client] Successfully resolved entitlement details
[Licensing::Module] Licensing Background thread has ended after 1.84s
[Licensing::Module] Licensing is initialized (took 0.99s).
[Licensing::Client] Successfully resolved entitlement details
Library Redirect Path: Library/
[Physics::Module] Selected backend.
[Physics::Module] Name: PhysX
[Physics::Module] Id: 0xf2b8ea05
[Physics::Module] SDK Version: 4.1.2
[Physics::Module] Integration Version: 1.0.0
[Physics::Module] Threading Mode: Multi-Threaded
Artifact Garbage Collection - Removed 5 unused hashed content files
Refreshing native plugins compatible for Editor in 0.36 ms, found 0 plugins.
Preloading 0 native plugins for Editor in 0.00 ms.
Initialize engine version: 6000.3.8f1 (1c7db571dde0)
[Subsystems] Discovering subsystems at path C:/Program Files/Unity/Hub/Editor/6000.3.8f1/Editor/Data/Resources/UnitySubsystems
[Subsystems] Discovering subsystems at path C:/Users/adm_mgarciajavier/Documents/Unity projects/Criminal-Game/Assets
Forcing GfxDevice: Null
GfxDevice: creating device client; kGfxThreadingModeNonThreaded
NullGfxDevice:
    Version:  NULL 1.0 [1.0]
    Renderer: Null Device
    Vendor:   Unity Technologies
Initialize mono
Mono path[0] = 'C:/Program Files/Unity/Hub/Editor/6000.3.8f1/Editor/Data/Managed'
Mono path[1] = 'C:/Program Files/Unity/Hub/Editor/6000.3.8f1/Editor/Data/MonoBleedingEdge/lib/mono/unityjit-win32'
Mono config path = 'C:/Program Files/Unity/Hub/Editor/6000.3.8f1/Editor/Data/MonoBleedingEdge/etc'
Using monoOptions --debugger-agent=transport=dt_socket,embedding=1,server=y,suspend=n,address=127.0.0.1:56992
Using cacheserver namespaces - metadata:defaultmetadata, artifacts:defaultartifacts
Using cacheserver namespaces - metadata:defaultmetadata, artifacts:defaultartifacts
ImportWorker Server TCP listen port: 0
AcceleratorClientConnectionCallback - disconnected - :0
Begin MonoManager ReloadAssembly
Registering precompiled unity dll's ...
Register platform support module: C:/Program Files/Unity/Hub/Editor/6000.3.8f1/Editor/Data/PlaybackEngines/WindowsStandaloneSupport/UnityEditor.WindowsStandalone.Extensions.dll
Registered in 0.002675 seconds.
- Loaded All Assemblies, in  0.468 seconds
Native extension for WindowsStandalone target not found
ScheduleIndexationOnStartup MainProcess:False IndexOnStartup:True
Mono: successfully reloaded assembly
- Finished resetting the current domain, in  0.441 seconds
Domain Reload Profiling: 905ms
	BeginReloadAssembly (173ms)
		ExecutionOrderSort (0ms)
		DisableScriptedObjects (0ms)
		BackupInstance (0ms)
		ReleaseScriptingObjects (0ms)
		CreateAndSetChildDomain (18ms)
	RebuildCommonClasses (39ms)
	RebuildNativeTypeToScriptingClass (11ms)
	initialDomainReloadingComplete (53ms)
	LoadAllAssembliesAndSetupDomain (187ms)
		LoadAssemblies (149ms)
		RebuildTransferFunctionScriptingTraits (0ms)
		AnalyzeDomain (183ms)
			TypeCache.Refresh (181ms)
				TypeCache.ScanAssembly (167ms)
			BuildScriptInfoCaches (0ms)
			ResolveRequiredComponents (1ms)
	FinalizeReload (441ms)
		ReleaseScriptCaches (0ms)
		RebuildScriptCaches (0ms)
		SetupLoadedEditorAssemblies (398ms)
			LogAssemblyErrors (0ms)
			InitializePlatformSupportModulesInManaged (49ms)
			SetLoadedEditorAssemblies (4ms)
			BeforeProcessingInitializeOnLoad (91ms)
			ProcessInitializeOnLoadAttributes (175ms)
			ProcessInitializeOnLoadMethodAttributes (80ms)
			AfterProcessingInitializeOnLoad (0ms)
			EditorAssembliesLoaded (0ms)
		ExecutionOrderSort2 (0ms)
		AwakeInstancesAfterBackupRestoration (0ms)
[Licensing::Client] Successfully resolved entitlement details
Application.AssetDatabase Initial Refresh Start
Package Manager log level set to [2]
[Package Manager] Restoring resolved packages state from cache
[Licensing::Client] Successfully resolved entitlement details
[Package Manager] Registered 60 packages:
  Packages from [https://packages.unity.com]:
    com.unity.ai.navigation@2.0.10 (location: C:\Users\adm_mgarciajavier\Documents\Unity projects\Criminal-Game\Library\PackageCache\com.unity.ai.navigation@c33a115e9883)
    com.unity.collab-proxy@2.11.3 (location: C:\Users\adm_mgarciajavier\Documents\Unity projects\Criminal-Game\Library\PackageCache\com.unity.collab-proxy@e566cd3e7623)
    com.unity.formats.fbx@5.1.5 (location: C:\Users\adm_mgarciajavier\Documents\Unity projects\Criminal-Game\Library\PackageCache\com.unity.formats.fbx@86d1698ebb13)
    com.unity.ide.rider@3.0.39 (location: C:\Users\adm_mgarciajavier\Documents\Unity projects\Criminal-Game\Library\PackageCache\com.unity.ide.rider@4504839d03f7)
    com.unity.ide.visualstudio@2.0.26 (location: C:\Users\adm_mgarciajavier\Documents\Unity projects\Criminal-Game\Library\PackageCache\com.unity.ide.visualstudio@a99d56dec63f)
    com.unity.inputsystem@1.18.0 (location: C:\Users\adm_mgarciajavier\Documents\Unity projects\Criminal-Game\Library\PackageCache\com.unity.inputsystem@57d0e36f6123)
    com.unity.postprocessing@3.5.1 (location: C:\Users\adm_mgarciajavier\Documents\Unity projects\Criminal-Game\Library\PackageCache\com.unity.postprocessing@4a41da475b74)
    com.unity.timeline@1.8.10 (location: C:\Users\adm_mgarciajavier\Documents\Unity projects\Criminal-Game\Library\PackageCache\com.unity.timeline@7f8b2fb101b6)
    com.unity.visualscripting@1.9.9 (location: C:\Users\adm_mgarciajavier\Documents\Unity projects\Criminal-Game\Library\PackageCache\com.unity.visualscripting@191c0d7e3b69)
    com.unity.searcher@4.9.4 (location: C:\Users\adm_mgarciajavier\Documents\Unity projects\Criminal-Game\Library\PackageCache\com.unity.searcher@d45a78918735)
    com.autodesk.fbx@5.1.3 (location: C:\Users\adm_mgarciajavier\Documents\Unity projects\Criminal-Game\Library\PackageCache\com.autodesk.fbx@90432ec06ab5)
    com.unity.burst@1.8.27 (location: C:\Users\adm_mgarciajavier\Documents\Unity projects\Criminal-Game\Library\PackageCache\com.unity.burst@973857688024)
    com.unity.mathematics@1.3.3 (location: C:\Users\adm_mgarciajavier\Documents\Unity projects\Criminal-Game\Library\PackageCache\com.unity.mathematics@19a9377c4ffa)
    com.unity.collections@2.6.2 (location: C:\Users\adm_mgarciajavier\Documents\Unity projects\Criminal-Game\Library\PackageCache\com.unity.collections@aea9d3bd5e19)
    com.unity.nuget.mono-cecil@1.11.6 (location: C:\Users\adm_mgarciajavier\Documents\Unity projects\Criminal-Game\Library\PackageCache\com.unity.nuget.mono-cecil@ecb9724e46ff)
    com.unity.test-framework.performance@3.2.0 (location: C:\Users\adm_mgarciajavier\Documents\Unity projects\Criminal-Game\Library\PackageCache\com.unity.test-framework.performance@0840f58e4562)
  Built-in packages:
    com.unity.multiplayer.center@1.0.1 (location: C:\Users\adm_mgarciajavier\Documents\Unity projects\Criminal-Game\Library\PackageCache\com.unity.multiplayer.center@f01f4ba8d00a)
    com.unity.render-pipelines.universal@17.3.0 (location: C:\Users\adm_mgarciajavier\Documents\Unity projects\Criminal-Game\Library\PackageCache\com.unity.render-pipelines.universal@a6e30d1f59f5)
    com.unity.shadergraph@17.3.0 (location: C:\Users\adm_mgarciajavier\Documents\Unity projects\Criminal-Game\Library\PackageCache\com.unity.shadergraph@d44b48771ebb)
    com.unity.test-framework@1.6.0 (location: C:\Users\adm_mgarciajavier\Documents\Unity projects\Criminal-Game\Library\PackageCache\com.unity.test-framework@0b7a23ab2e1d)
    com.unity.ugui@2.0.0 (location: C:\Users\adm_mgarciajavier\Documents\Unity projects\Criminal-Game\Library\PackageCache\com.unity.ugui@bb329a87fcdc)
    com.unity.modules.accessibility@1.0.0 (location: C:\Users\adm_mgarciajavier\Documents\Unity projects\Criminal-Game\Library\PackageCache\com.unity.modules.accessibility)
    com.unity.modules.adaptiveperformance@1.0.0 (location: C:\Users\adm_mgarciajavier\Documents\Unity projects\Criminal-Game\Library\PackageCache\com.unity.modules.adaptiveperformance)
    com.unity.modules.ai@1.0.0 (location: C:\Users\adm_mgarciajavier\Documents\Unity projects\Criminal-Game\Library\PackageCache\com.unity.modules.ai)
    com.unity.modules.androidjni@1.0.0 (location: C:\Users\adm_mgarciajavier\Documents\Unity projects\Criminal-Game\Library\PackageCache\com.unity.modules.androidjni)
    com.unity.modules.animation@1.0.0 (location: C:\Users\adm_mgarciajavier\Documents\Unity projects\Criminal-Game\Library\PackageCache\com.unity.modules.animation)
    com.unity.modules.assetbundle@1.0.0 (location: C:\Users\adm_mgarciajavier\Documents\Unity projects\Criminal-Game\Library\PackageCache\com.unity.modules.assetbundle)
    com.unity.modules.audio@1.0.0 (location: C:\Users\adm_mgarciajavier\Documents\Unity projects\Criminal-Game\Library\PackageCache\com.unity.modules.audio)
    com.unity.modules.cloth@1.0.0 (location: C:\Users\adm_mgarciajavier\Documents\Unity projects\Criminal-Game\Library\PackageCache\com.unity.modules.cloth)
    com.unity.modules.director@1.0.0 (location: C:\Users\adm_mgarciajavier\Documents\Unity projects\Criminal-Game\Library\PackageCache\com.unity.modules.director)
    com.unity.modules.imageconversion@1.0.0 (location: C:\Users\adm_mgarciajavier\Documents\Unity projects\Criminal-Game\Library\PackageCache\com.unity.modules.imageconversion)
    com.unity.modules.imgui@1.0.0 (location: C:\Users\adm_mgarciajavier\Documents\Unity projects\Criminal-Game\Library\PackageCache\com.unity.modules.imgui)
    com.unity.modules.jsonserialize@1.0.0 (location: C:\Users\adm_mgarciajavier\Documents\Unity projects\Criminal-Game\Library\PackageCache\com.unity.modules.jsonserialize)
    com.unity.modules.particlesystem@1.0.0 (location: C:\Users\adm_mgarciajavier\Documents\Unity projects\Criminal-Game\Library\PackageCache\com.unity.modules.particlesystem)
    com.unity.modules.physics@1.0.0 (location: C:\Users\adm_mgarciajavier\Documents\Unity projects\Criminal-Game\Library\PackageCache\com.unity.modules.physics)
    com.unity.modules.physics2d@1.0.0 (location: C:\Users\adm_mgarciajavier\Documents\Unity projects\Criminal-Game\Library\PackageCache\com.unity.modules.physics2d)
    com.unity.modules.screencapture@1.0.0 (location: C:\Users\adm_mgarciajavier\Documents\Unity projects\Criminal-Game\Library\PackageCache\com.unity.modules.screencapture)
    com.unity.modules.terrain@1.0.0 (location: C:\Users\adm_mgarciajavier\Documents\Unity projects\Criminal-Game\Library\PackageCache\com.unity.modules.terrain)
    com.unity.modules.terrainphysics@1.0.0 (location: C:\Users\adm_mgarciajavier\Documents\Unity projects\Criminal-Game\Library\PackageCache\com.unity.modules.terrainphysics)
    com.unity.modules.tilemap@1.0.0 (location: C:\Users\adm_mgarciajavier\Documents\Unity projects\Criminal-Game\Library\PackageCache\com.unity.modules.tilemap)
    com.unity.modules.ui@1.0.0 (location: C:\Users\adm_mgarciajavier\Documents\Unity projects\Criminal-Game\Library\PackageCache\com.unity.modules.ui)
    com.unity.modules.uielements@1.0.0 (location: C:\Users\adm_mgarciajavier\Documents\Unity projects\Criminal-Game\Library\PackageCache\com.unity.modules.uielements)
    com.unity.modules.umbra@1.0.0 (location: C:\Users\adm_mgarciajavier\Documents\Unity projects\Criminal-Game\Library\PackageCache\com.unity.modules.umbra)
    com.unity.modules.unityanalytics@1.0.0 (location: C:\Users\adm_mgarciajavier\Documents\Unity projects\Criminal-Game\Library\PackageCache\com.unity.modules.unityanalytics)
    com.unity.modules.unitywebrequest@1.0.0 (location: C:\Users\adm_mgarciajavier\Documents\Unity projects\Criminal-Game\Library\PackageCache\com.unity.modules.unitywebrequest)
    com.unity.modules.unitywebrequestassetbundle@1.0.0 (location: C:\Users\adm_mgarciajavier\Documents\Unity projects\Criminal-Game\Library\PackageCache\com.unity.modules.unitywebrequestassetbundle)
    com.unity.modules.unitywebrequestaudio@1.0.0 (location: C:\Users\adm_mgarciajavier\Documents\Unity projects\Criminal-Game\Library\PackageCache\com.unity.modules.unitywebrequestaudio)
    com.unity.modules.unitywebrequesttexture@1.0.0 (location: C:\Users\adm_mgarciajavier\Documents\Unity projects\Criminal-Game\Library\PackageCache\com.unity.modules.unitywebrequesttexture)
    com.unity.modules.unitywebrequestwww@1.0.0 (location: C:\Users\adm_mgarciajavier\Documents\Unity projects\Criminal-Game\Library\PackageCache\com.unity.modules.unitywebrequestwww)
    com.unity.modules.vectorgraphics@1.0.0 (location: C:\Users\adm_mgarciajavier\Documents\Unity projects\Criminal-Game\Library\PackageCache\com.unity.modules.vectorgraphics)
    com.unity.modules.vehicles@1.0.0 (location: C:\Users\adm_mgarciajavier\Documents\Unity projects\Criminal-Game\Library\PackageCache\com.unity.modules.vehicles)
    com.unity.modules.video@1.0.0 (location: C:\Users\adm_mgarciajavier\Documents\Unity projects\Criminal-Game\Library\PackageCache\com.unity.modules.video)
    com.unity.modules.vr@1.0.0 (location: C:\Users\adm_mgarciajavier\Documents\Unity projects\Criminal-Game\Library\PackageCache\com.unity.modules.vr)
    com.unity.modules.wind@1.0.0 (location: C:\Users\adm_mgarciajavier\Documents\Unity projects\Criminal-Game\Library\PackageCache\com.unity.modules.wind)
    com.unity.modules.xr@1.0.0 (location: C:\Users\adm_mgarciajavier\Documents\Unity projects\Criminal-Game\Library\PackageCache\com.unity.modules.xr)
    com.unity.modules.subsystems@1.0.0 (location: C:\Users\adm_mgarciajavier\Documents\Unity projects\Criminal-Game\Library\PackageCache\com.unity.modules.subsystems)
    com.unity.modules.hierarchycore@1.0.0 (location: C:\Users\adm_mgarciajavier\Documents\Unity projects\Criminal-Game\Library\PackageCache\com.unity.modules.hierarchycore)
    com.unity.ext.nunit@2.0.5 (location: C:\Users\adm_mgarciajavier\Documents\Unity projects\Criminal-Game\Library\PackageCache\com.unity.ext.nunit@d8c07649098d)
    com.unity.render-pipelines.core@17.3.0 (location: C:\Users\adm_mgarciajavier\Documents\Unity projects\Criminal-Game\Library\PackageCache\com.unity.render-pipelines.core@d6dfd1e235d5)
    com.unity.render-pipelines.universal-config@17.0.3 (location: C:\Users\adm_mgarciajavier\Documents\Unity projects\Criminal-Game\Library\PackageCache\com.unity.render-pipelines.universal-config@8dc1aab4af1d)
[Subsystems] No new subsystems found in resolved package list.
[Package Manager] Done registering packages in 0.05 seconds
[ScriptCompilation] Requested script compilation because: Assetdatabase observed changes in script compilation related files
Starting: C:\Program Files\Unity\Hub\Editor\6000.3.8f1\Editor\Data\Tools\BuildPipeline\bee_backend.exe --ipc --defer-dag-verification --dagfile="Library/Bee/1900b0aE.dag" --continue-on-failure --profile="Library/Bee/backend1.traceevents" ScriptAssemblies
WorkingDir: C:/Users/adm_mgarciajavier/Documents/Unity projects/Criminal-Game
DisplayProgressbar: Compiling Scripts
ExitCode: 0 Duration: 1s837ms
[728/932    0s] ILPP-Configuration Library/ilpp-configuration.nevergeneratedoutput
[924/932    0s] Csc Library/Bee/artifacts/1900b0aE.dag/Assembly-CSharp.dll (+2 others)
[925/932    0s] Csc Library/Bee/artifacts/1900b0aE.dag/Assembly-CSharp-Editor.dll (+2 others)
[926/932    0s] ILPostProcess Library/Bee/artifacts/1900b0aE.dag/post-processed/Assembly-CSharp-Editor.dll (+pdb)
Processing assembly Library/Bee/artifacts/1900b0aE.dag/Assembly-CSharp-Editor.dll, with 137 defines and 339 references

processors: Unity.Jobs.CodeGen.JobsILPostProcessor, zzzUnity.Burst.CodeGen.BurstILPostProcessor

running Unity.Jobs.CodeGen.JobsILPostProcessor

running zzzUnity.Burst.CodeGen.BurstILPostProcessor
[927/932    0s] ILPostProcess Library/Bee/artifacts/1900b0aE.dag/post-processed/Assembly-CSharp.dll (+pdb)
Processing assembly Library/Bee/artifacts/1900b0aE.dag/Assembly-CSharp.dll, with 139 defines and 320 references

processors: Unity.Jobs.CodeGen.JobsILPostProcessor, zzzUnity.Burst.CodeGen.BurstILPostProcessor

running Unity.Jobs.CodeGen.JobsILPostProcessor

running zzzUnity.Burst.CodeGen.BurstILPostProcessor
[928/932    0s] CopyFiles Library/ScriptAssemblies/Assembly-CSharp-Editor.pdb
[929/932    0s] CopyFiles Library/ScriptAssemblies/Assembly-CSharp.pdb
[930/932    0s] CopyFiles Library/ScriptAssemblies/Assembly-CSharp-Editor.dll
[931/932    0s] CopyFiles Library/ScriptAssemblies/Assembly-CSharp.dll
*** Tundra build success (1.72 seconds), 9 items updated, 932 evaluated
AssetDatabase: script compilation time: 2.716358s
Begin MonoManager ReloadAssembly
- Loaded All Assemblies, in  1.068 seconds
Refreshing native plugins compatible for Editor in 3.81 ms, found 4 plugins.
Native extension for WindowsStandalone target not found
ScheduleIndexationOnStartup MainProcess:True IndexOnStartup:True
Mono: successfully reloaded assembly
- Finished resetting the current domain, in  3.112 seconds
Domain Reload Profiling: 4173ms
	BeginReloadAssembly (371ms)
		ExecutionOrderSort (0ms)
		DisableScriptedObjects (17ms)
		BackupInstance (0ms)
		ReleaseScriptingObjects (0ms)
		CreateAndSetChildDomain (167ms)
	RebuildCommonClasses (41ms)
	RebuildNativeTypeToScriptingClass (12ms)
	initialDomainReloadingComplete (37ms)
	LoadAllAssembliesAndSetupDomain (598ms)
		LoadAssemblies (458ms)
		RebuildTransferFunctionScriptingTraits (0ms)
		AnalyzeDomain (271ms)
			TypeCache.Refresh (182ms)
				TypeCache.ScanAssembly (171ms)
			BuildScriptInfoCaches (74ms)
			ResolveRequiredComponents (11ms)
	FinalizeReload (3114ms)
		ReleaseScriptCaches (0ms)
		RebuildScriptCaches (0ms)
		SetupLoadedEditorAssemblies (2759ms)
			LogAssemblyErrors (0ms)
			InitializePlatformSupportModulesInManaged (23ms)
			SetLoadedEditorAssemblies (5ms)
			BeforeProcessingInitializeOnLoad (195ms)
			ProcessInitializeOnLoadAttributes (2378ms)
			ProcessInitializeOnLoadMethodAttributes (143ms)
			AfterProcessingInitializeOnLoad (14ms)
			EditorAssembliesLoaded (1ms)
		ExecutionOrderSort2 (0ms)
		AwakeInstancesAfterBackupRestoration (21ms)
Refreshing native plugins compatible for Editor in 4.26 ms, found 4 plugins.
Preloading 0 native plugins for Editor in 0.00 ms.
Asset Pipeline Refresh (id=b215ca89b01040c42acb9357029f016a): Total: 8.087 seconds - Initiated by InitialRefreshV2(ForceSynchronousImport)
	Summary:
		Imports: total=0 (actual=0, local cache=0, cache server=0)
		Asset DB Process Time: managed=0 ms, native=3761 ms
		Asset DB Callback time: managed=401 ms, native=69 ms
		Scripting: domain reloads=1, domain reload time=1068 ms, compile time=2719 ms, other=67 ms
		Project Asset Count: scripts=1431, non-scripts=3306
		Asset File Changes: new=0, changed=2, moved=0, deleted=0
		Scan Filter Count: 0
	InvokeCustomDependenciesCallbacks: 0.001ms
	InvokePackagesCallback: 62.302ms
	ApplyChangesToAssetFolders: 0.879ms
	Scan: 185.733ms
	OnSourceAssetsModified: 0.881ms
	CategorizeAssetsWithTransientArtifact: 60.952ms
	ProcessAssetsWithTransientArtifactChanges: 86.910ms
	CategorizeAssets: 85.856ms
	ImportOutOfDateAssets: 3138.703ms (416.042ms without children)
		CompileScripts: 2718.881ms
		ReloadNativeAssets: 0.068ms
		UnloadImportedAssets: 1.643ms
		EnsureUptoDateAssetsAreRegisteredWithGuidPM: 1.371ms
		InitializingProgressBar: 0.001ms
		PostProcessAllAssetNotificationsAddChangedAssets: 0.001ms
		OnDemandSchedulerStart: 0.697ms
	PostProcessAllAssets: 404.647ms
	Hotreload: 8.280ms
	GatherAllCurrentPrimaryArtifactRevisions: 0.002ms
	UnloadStreamsBegin: 2.823ms
	PersistCurrentRevisions: 0.151ms
	UnloadStreamsEnd: 0.003ms
	GenerateScriptTypeHashes: 4.944ms
	Untracked: 4049.341ms

Application.AssetDatabase Initial Refresh End
Scanning for USB devices : 5.428ms
Initializing Unity extensions:
[MODES] ModeService[none].Initialize
[MODES] ModeService[none].LoadModes
[MODES] Loading mode Default (0) for mode-current-id-Criminal Bussines
Unloading 31 Unused Serialized files (Serialized files now loaded: 0)
Unloading 6630 unused Assets / (3.7 MB). Loaded Objects now: 7489.
Memory consumption went from 212.3 MB to 208.6 MB.
Total: 11.643700 ms (FindLiveObjects: 0.798200 ms CreateObjectMapping: 0.659400 ms MarkObjects: 7.646000 ms  DeleteObjects: 2.537700 ms)

Start importing Assets/Animations/Standing Idle.fbx using Guid(7d41e5e2938003049a1878595107569e) (FBXImporter)Launched and connected shader compiler UnityShaderCompiler.exe after 0.03 seconds
Keyframe reduction: Ratio: 7.458563%;
 -> (artifact id: '0cb3080f64f6a5f3e4fe3c7a3dbf6c7e') in 0.3086604 seconds
Refreshing native plugins compatible for Editor in 4.43 ms, found 4 plugins.
Preloading 0 native plugins for Editor in 0.00 ms.
Asset Pipeline Refresh (id=01884103e827f8444a79ff2c3a976165): Total: 0.442 seconds - Initiated by StopAssetImportingV2(NoUpdateAssetOptions)
	Summary:
		Imports: total=1 (actual=1, local cache=0, cache server=0)
		Asset DB Process Time: managed=32 ms, native=396 ms
		Asset DB Callback time: managed=2 ms, native=10 ms
		Scripting: domain reloads=0, domain reload time=0 ms, compile time=0 ms, other=0 ms
		Project Asset Count: scripts=1431, non-scripts=3306
		Asset File Changes: new=0, changed=0, moved=0, deleted=0
		Scan Filter Count: 3
	InvokeCustomDependenciesCallbacks: 0.001ms
	InvokePackagesCallback: 0.001ms
	ApplyChangesToAssetFolders: 0.190ms
	Scan: 32.929ms
	OnSourceAssetsModified: 0.001ms
	CategorizeAssetsWithTransientArtifact: 0.046ms
	ProcessAssetsWithTransientArtifactChanges: 0.241ms
	CategorizeAssets: 53.056ms
	ImportOutOfDateAssets: 315.608ms (-1.433ms without children)
		ImportManagerImport: 313.676ms (4.223ms without children)
			ImportInProcess: 309.415ms
			UpdateCategorizedAssets: 0.038ms
		ReloadNativeAssets: 0.043ms
		UnloadImportedAssets: 0.588ms
		ReloadImportedAssets: 1.772ms
		EnsureUptoDateAssetsAreRegisteredWithGuidPM: 0.610ms
		InitializingProgressBar: 0.007ms
		PostProcessAllAssetNotificationsAddChangedAssets: 0.001ms
		OnDemandSchedulerStart: 0.344ms
	PostProcessAllAssets: 8.152ms
	Hotreload: 4.704ms
	GatherAllCurrentPrimaryArtifactRevisions: 0.259ms
	UnloadStreamsBegin: 0.339ms
	PersistCurrentRevisions: 0.145ms
	UnloadStreamsEnd: 0.001ms
	Untracked: 26.451ms

MIXAMO_VALID Standing Idle length=6,000 humanoid=True
UnityEngine.Debug:ExtractStackTraceNoAlloc (byte*,int,string)
UnityEngine.StackTraceUtility:ExtractStackTrace ()
UnityEngine.DebugLogHandler:Internal_Log (UnityEngine.LogType,UnityEngine.LogOption,string,UnityEngine.Object)
UnityEngine.DebugLogHandler:LogFormat (UnityEngine.LogType,UnityEngine.Object,string,object[])
UnityEngine.Logger:Log (UnityEngine.LogType,object)
UnityEngine.Debug:Log (object)
PlayerAnimationExpansion:BuildController () (at Assets/Editor/PlayerAnimationExpansion.cs:48)
PlayerLocomotionSetup:Configure () (at Assets/Editor/PlayerLocomotionSetup.cs:42)
PlayerAnimationExpansion:ConfigureAndValidate () (at Assets/Editor/PlayerAnimationExpansion.cs:197)
MovementHUDRefinement:Run () (at Assets/Editor/MovementHUDRefinement.cs:14)

(Filename: Assets/Editor/PlayerAnimationExpansion.cs Line: 48)

Start importing Assets/Animations/Female Start Walking.fbx using Guid(2449a79fa29c41842958a94bef5ebbf2) (FBXImporter)Keyframe reduction: Ratio: 37.810650%;
 -> (artifact id: '4f40e478b68b8d4d72f9e84d12f2a67d') in 0.1866679 seconds
Refreshing native plugins compatible for Editor in 3.34 ms, found 4 plugins.
Preloading 0 native plugins for Editor in 0.00 ms.
Asset Pipeline Refresh (id=c1f770d3a80599748a35f2a6096afbc4): Total: 0.226 seconds - Initiated by StopAssetImportingV2(NoUpdateAssetOptions)
MIXAMO_VALID Female Start Walking length=1,700 humanoid=True
UnityEngine.Debug:ExtractStackTraceNoAlloc (byte*,int,string)
UnityEngine.StackTraceUtility:ExtractStackTrace ()
UnityEngine.DebugLogHandler:Internal_Log (UnityEngine.LogType,UnityEngine.LogOption,string,UnityEngine.Object)
UnityEngine.DebugLogHandler:LogFormat (UnityEngine.LogType,UnityEngine.Object,string,object[])
UnityEngine.Logger:Log (UnityEngine.LogType,object)
UnityEngine.Debug:Log (object)
PlayerAnimationExpansion:BuildController () (at Assets/Editor/PlayerAnimationExpansion.cs:48)
PlayerLocomotionSetup:Configure () (at Assets/Editor/PlayerLocomotionSetup.cs:42)
PlayerAnimationExpansion:ConfigureAndValidate () (at Assets/Editor/PlayerAnimationExpansion.cs:197)
MovementHUDRefinement:Run () (at Assets/Editor/MovementHUDRefinement.cs:14)

(Filename: Assets/Editor/PlayerAnimationExpansion.cs Line: 48)

Start importing Assets/Animations/Female Walk.fbx using Guid(cda1c1e411f0cd84985665bebe62605e) (FBXImporter)Keyframe reduction: Ratio: 40.576923%;
 -> (artifact id: 'c5a46d7966d412a4c6acd4f58db793e3') in 0.1850863 seconds
Refreshing native plugins compatible for Editor in 3.51 ms, found 4 plugins.
Preloading 0 native plugins for Editor in 0.00 ms.
Asset Pipeline Refresh (id=f2f14099401534546b07c43178e71f97): Total: 0.231 seconds - Initiated by StopAssetImportingV2(NoUpdateAssetOptions)
MIXAMO_VALID Female Walk length=1,167 humanoid=True
UnityEngine.Debug:ExtractStackTraceNoAlloc (byte*,int,string)
UnityEngine.StackTraceUtility:ExtractStackTrace ()
UnityEngine.DebugLogHandler:Internal_Log (UnityEngine.LogType,UnityEngine.LogOption,string,UnityEngine.Object)
UnityEngine.DebugLogHandler:LogFormat (UnityEngine.LogType,UnityEngine.Object,string,object[])
UnityEngine.Logger:Log (UnityEngine.LogType,object)
UnityEngine.Debug:Log (object)
PlayerAnimationExpansion:BuildController () (at Assets/Editor/PlayerAnimationExpansion.cs:48)
PlayerLocomotionSetup:Configure () (at Assets/Editor/PlayerLocomotionSetup.cs:42)
PlayerAnimationExpansion:ConfigureAndValidate () (at Assets/Editor/PlayerAnimationExpansion.cs:197)
MovementHUDRefinement:Run () (at Assets/Editor/MovementHUDRefinement.cs:14)

(Filename: Assets/Editor/PlayerAnimationExpansion.cs Line: 48)

Start importing Assets/Animations/Female Stop Walking.fbx using Guid(0fc518d06e9d2e24aba4724a23f87b7c) (FBXImporter)Keyframe reduction: Ratio: 46.153847%;
 -> (artifact id: '5348097794e18328570e0e69a128ca94') in 0.2006677 seconds
Refreshing native plugins compatible for Editor in 3.93 ms, found 4 plugins.
Preloading 0 native plugins for Editor in 0.00 ms.
Asset Pipeline Refresh (id=27e13dcda53a0fe4f888e2cc859a5610): Total: 0.234 seconds - Initiated by StopAssetImportingV2(NoUpdateAssetOptions)
MIXAMO_VALID Female Stop Walking length=1,400 humanoid=True
UnityEngine.Debug:ExtractStackTraceNoAlloc (byte*,int,string)
UnityEngine.StackTraceUtility:ExtractStackTrace ()
UnityEngine.DebugLogHandler:Internal_Log (UnityEngine.LogType,UnityEngine.LogOption,string,UnityEngine.Object)
UnityEngine.DebugLogHandler:LogFormat (UnityEngine.LogType,UnityEngine.Object,string,object[])
UnityEngine.Logger:Log (UnityEngine.LogType,object)
UnityEngine.Debug:Log (object)
PlayerAnimationExpansion:BuildController () (at Assets/Editor/PlayerAnimationExpansion.cs:48)
PlayerLocomotionSetup:Configure () (at Assets/Editor/PlayerLocomotionSetup.cs:42)
PlayerAnimationExpansion:ConfigureAndValidate () (at Assets/Editor/PlayerAnimationExpansion.cs:197)
MovementHUDRefinement:Run () (at Assets/Editor/MovementHUDRefinement.cs:14)

(Filename: Assets/Editor/PlayerAnimationExpansion.cs Line: 48)

Start importing Assets/Animations/Left Strafe Walk.fbx using Guid(4d85053fbecc92c44bfddda7d7c9f6bc) (FBXImporter)Keyframe reduction: Ratio: 50.079575%;
 -> (artifact id: '9f506599f9a8ac5b29e49a6a65d777d9') in 0.1896429 seconds
Refreshing native plugins compatible for Editor in 4.03 ms, found 4 plugins.
Preloading 0 native plugins for Editor in 0.00 ms.
Asset Pipeline Refresh (id=665e93c964abdc0419593a0f3bcdfd8b): Total: 0.226 seconds - Initiated by StopAssetImportingV2(NoUpdateAssetOptions)
MIXAMO_VALID Left Strafe Walk length=0,933 humanoid=True
UnityEngine.Debug:ExtractStackTraceNoAlloc (byte*,int,string)
UnityEngine.StackTraceUtility:ExtractStackTrace ()
UnityEngine.DebugLogHandler:Internal_Log (UnityEngine.LogType,UnityEngine.LogOption,string,UnityEngine.Object)
UnityEngine.DebugLogHandler:LogFormat (UnityEngine.LogType,UnityEngine.Object,string,object[])
UnityEngine.Logger:Log (UnityEngine.LogType,object)
UnityEngine.Debug:Log (object)
PlayerAnimationExpansion:BuildController () (at Assets/Editor/PlayerAnimationExpansion.cs:48)
PlayerLocomotionSetup:Configure () (at Assets/Editor/PlayerLocomotionSetup.cs:42)
PlayerAnimationExpansion:ConfigureAndValidate () (at Assets/Editor/PlayerAnimationExpansion.cs:197)
MovementHUDRefinement:Run () (at Assets/Editor/MovementHUDRefinement.cs:14)

(Filename: Assets/Editor/PlayerAnimationExpansion.cs Line: 48)

Start importing Assets/Animations/Right Strafe Walk.fbx using Guid(5abf4ac78a2bab6488dcdbab7b05f299) (FBXImporter)Keyframe reduction: Ratio: 52.413792%;
 -> (artifact id: 'a061cee2a807e80042ddd504af677341') in 0.2474099 seconds
Refreshing native plugins compatible for Editor in 5.29 ms, found 4 plugins.
Preloading 0 native plugins for Editor in 0.00 ms.
Asset Pipeline Refresh (id=66524eedabea0d64697c2d2949534d0c): Total: 0.289 seconds - Initiated by StopAssetImportingV2(NoUpdateAssetOptions)
MIXAMO_VALID Right Strafe Walk length=0,933 humanoid=True
UnityEngine.Debug:ExtractStackTraceNoAlloc (byte*,int,string)
UnityEngine.StackTraceUtility:ExtractStackTrace ()
UnityEngine.DebugLogHandler:Internal_Log (UnityEngine.LogType,UnityEngine.LogOption,string,UnityEngine.Object)
UnityEngine.DebugLogHandler:LogFormat (UnityEngine.LogType,UnityEngine.Object,string,object[])
UnityEngine.Logger:Log (UnityEngine.LogType,object)
UnityEngine.Debug:Log (object)
PlayerAnimationExpansion:BuildController () (at Assets/Editor/PlayerAnimationExpansion.cs:48)
PlayerLocomotionSetup:Configure () (at Assets/Editor/PlayerLocomotionSetup.cs:42)
PlayerAnimationExpansion:ConfigureAndValidate () (at Assets/Editor/PlayerAnimationExpansion.cs:197)
MovementHUDRefinement:Run () (at Assets/Editor/MovementHUDRefinement.cs:14)

(Filename: Assets/Editor/PlayerAnimationExpansion.cs Line: 48)

Start importing Assets/Animations/Pistol Aim.fbx using Guid(5e31d728f2fa7f442a09c52a133c9385) (FBXImporter)Keyframe reduction: Ratio: 24.148094%;
 -> (artifact id: '139c980d846605f7da4924ddefcb0a50') in 0.2203048 seconds
Refreshing native plugins compatible for Editor in 3.26 ms, found 4 plugins.
Preloading 0 native plugins for Editor in 0.00 ms.
Asset Pipeline Refresh (id=d70ae180547364f4cbb901325855ff07): Total: 0.261 seconds - Initiated by StopAssetImportingV2(NoUpdateAssetOptions)
MIXAMO_VALID Pistol Aim length=7,100 humanoid=True
UnityEngine.Debug:ExtractStackTraceNoAlloc (byte*,int,string)
UnityEngine.StackTraceUtility:ExtractStackTrace ()
UnityEngine.DebugLogHandler:Internal_Log (UnityEngine.LogType,UnityEngine.LogOption,string,UnityEngine.Object)
UnityEngine.DebugLogHandler:LogFormat (UnityEngine.LogType,UnityEngine.Object,string,object[])
UnityEngine.Logger:Log (UnityEngine.LogType,object)
UnityEngine.Debug:Log (object)
PlayerAnimationExpansion:BuildController () (at Assets/Editor/PlayerAnimationExpansion.cs:48)
PlayerLocomotionSetup:Configure () (at Assets/Editor/PlayerLocomotionSetup.cs:42)
PlayerAnimationExpansion:ConfigureAndValidate () (at Assets/Editor/PlayerAnimationExpansion.cs:197)
MovementHUDRefinement:Run () (at Assets/Editor/MovementHUDRefinement.cs:14)

(Filename: Assets/Editor/PlayerAnimationExpansion.cs Line: 48)

Start importing Assets/Animations/Pistol Idle.fbx using Guid(bff99812a3ae8004699b38f696393386) (FBXImporter)Keyframe reduction: Ratio: 11.913696%;
 -> (artifact id: '560675681658980352a49b4f06d8b308') in 0.1570419 seconds
Refreshing native plugins compatible for Editor in 3.56 ms, found 4 plugins.
Preloading 0 native plugins for Editor in 0.00 ms.
Asset Pipeline Refresh (id=fc2d923365f37f248a7003748e5eabb7): Total: 0.187 seconds - Initiated by StopAssetImportingV2(NoUpdateAssetOptions)
MIXAMO_VALID Pistol Idle length=1,333 humanoid=True
UnityEngine.Debug:ExtractStackTraceNoAlloc (byte*,int,string)
UnityEngine.StackTraceUtility:ExtractStackTrace ()
UnityEngine.DebugLogHandler:Internal_Log (UnityEngine.LogType,UnityEngine.LogOption,string,UnityEngine.Object)
UnityEngine.DebugLogHandler:LogFormat (UnityEngine.LogType,UnityEngine.Object,string,object[])
UnityEngine.Logger:Log (UnityEngine.LogType,object)
UnityEngine.Debug:Log (object)
PlayerAnimationExpansion:BuildController () (at Assets/Editor/PlayerAnimationExpansion.cs:48)
PlayerLocomotionSetup:Configure () (at Assets/Editor/PlayerLocomotionSetup.cs:42)
PlayerAnimationExpansion:ConfigureAndValidate () (at Assets/Editor/PlayerAnimationExpansion.cs:197)
MovementHUDRefinement:Run () (at Assets/Editor/MovementHUDRefinement.cs:14)

(Filename: Assets/Editor/PlayerAnimationExpansion.cs Line: 48)

Start importing Assets/Animations/Crouched To Standing.fbx using Guid(00fd80fd79b256b4baae54c7d617b199) (FBXImporter)Keyframe reduction: Ratio: 60.000000%;
 -> (artifact id: 'b2a71ca8e0ee466b91d5c750c9867ec3') in 0.1386266 seconds
Refreshing native plugins compatible for Editor in 3.24 ms, found 4 plugins.
Preloading 0 native plugins for Editor in 0.00 ms.
Asset Pipeline Refresh (id=dafbc859e53fee74b8aec9e44a783958): Total: 0.166 seconds - Initiated by StopAssetImportingV2(NoUpdateAssetOptions)
MIXAMO_VALID Crouched To Standing length=0,633 humanoid=True
UnityEngine.Debug:ExtractStackTraceNoAlloc (byte*,int,string)
UnityEngine.StackTraceUtility:ExtractStackTrace ()
UnityEngine.DebugLogHandler:Internal_Log (UnityEngine.LogType,UnityEngine.LogOption,string,UnityEngine.Object)
UnityEngine.DebugLogHandler:LogFormat (UnityEngine.LogType,UnityEngine.Object,string,object[])
UnityEngine.Logger:Log (UnityEngine.LogType,object)
UnityEngine.Debug:Log (object)
PlayerAnimationExpansion:BuildController () (at Assets/Editor/PlayerAnimationExpansion.cs:48)
PlayerLocomotionSetup:Configure () (at Assets/Editor/PlayerLocomotionSetup.cs:42)
PlayerAnimationExpansion:ConfigureAndValidate () (at Assets/Editor/PlayerAnimationExpansion.cs:197)
MovementHUDRefinement:Run () (at Assets/Editor/MovementHUDRefinement.cs:14)

(Filename: Assets/Editor/PlayerAnimationExpansion.cs Line: 48)

Start importing Assets/Animations/Crouched Walking.fbx using Guid(90db5a3f4a6c24f4dad815ffba5ce807) (FBXImporter)Keyframe reduction: Ratio: 42.074589%;
 -> (artifact id: '6678bce76e3ff2ad8ef27200219c6fc3') in 0.1451151 seconds
Refreshing native plugins compatible for Editor in 3.84 ms, found 4 plugins.
Preloading 0 native plugins for Editor in 0.00 ms.
Asset Pipeline Refresh (id=ce6e49ae5b9397d47abbc7ced5e07c40): Total: 0.173 seconds - Initiated by StopAssetImportingV2(NoUpdateAssetOptions)
MIXAMO_VALID Crouched Walking length=1,033 humanoid=True
UnityEngine.Debug:ExtractStackTraceNoAlloc (byte*,int,string)
UnityEngine.StackTraceUtility:ExtractStackTrace ()
UnityEngine.DebugLogHandler:Internal_Log (UnityEngine.LogType,UnityEngine.LogOption,string,UnityEngine.Object)
UnityEngine.DebugLogHandler:LogFormat (UnityEngine.LogType,UnityEngine.Object,string,object[])
UnityEngine.Logger:Log (UnityEngine.LogType,object)
UnityEngine.Debug:Log (object)
PlayerAnimationExpansion:BuildController () (at Assets/Editor/PlayerAnimationExpansion.cs:48)
PlayerLocomotionSetup:Configure () (at Assets/Editor/PlayerLocomotionSetup.cs:42)
PlayerAnimationExpansion:ConfigureAndValidate () (at Assets/Editor/PlayerAnimationExpansion.cs:197)
MovementHUDRefinement:Run () (at Assets/Editor/MovementHUDRefinement.cs:14)

(Filename: Assets/Editor/PlayerAnimationExpansion.cs Line: 48)

Start importing Assets/Animations/Jump_on_site.fbx using Guid(5b67475031d8524418df71cdff8aa78d) (FBXImporter)Keyframe reduction: Ratio: 56.718601%;
 -> (artifact id: '9610b102d738c28f8b9b9b4e1bc1c839') in 0.188304 seconds
Refreshing native plugins compatible for Editor in 3.55 ms, found 4 plugins.
Preloading 0 native plugins for Editor in 0.00 ms.
Asset Pipeline Refresh (id=0f35e9ced39c87f44bf4f001566f362a): Total: 0.218 seconds - Initiated by StopAssetImportingV2(NoUpdateAssetOptions)
MIXAMO_VALID Jump_on_site length=2,600 humanoid=True
UnityEngine.Debug:ExtractStackTraceNoAlloc (byte*,int,string)
UnityEngine.StackTraceUtility:ExtractStackTrace ()
UnityEngine.DebugLogHandler:Internal_Log (UnityEngine.LogType,UnityEngine.LogOption,string,UnityEngine.Object)
UnityEngine.DebugLogHandler:LogFormat (UnityEngine.LogType,UnityEngine.Object,string,object[])
UnityEngine.Logger:Log (UnityEngine.LogType,object)
UnityEngine.Debug:Log (object)
PlayerAnimationExpansion:BuildController () (at Assets/Editor/PlayerAnimationExpansion.cs:48)
PlayerLocomotionSetup:Configure () (at Assets/Editor/PlayerLocomotionSetup.cs:42)
PlayerAnimationExpansion:ConfigureAndValidate () (at Assets/Editor/PlayerAnimationExpansion.cs:197)
MovementHUDRefinement:Run () (at Assets/Editor/MovementHUDRefinement.cs:14)

(Filename: Assets/Editor/PlayerAnimationExpansion.cs Line: 48)

Start importing Assets/Animations/Jump_in_movement.fbx using Guid(4ea59b5a2b67a62488b9542a8ab921fa) (FBXImporter)Keyframe reduction: Ratio: 75.806450%;
 -> (artifact id: 'c045d2d9679cc7240919ff02a644b21e') in 0.1394205 seconds
Refreshing native plugins compatible for Editor in 3.25 ms, found 4 plugins.
Preloading 0 native plugins for Editor in 0.00 ms.
Asset Pipeline Refresh (id=7aadb6fbc75f95540a5db78240b1e0a5): Total: 0.167 seconds - Initiated by StopAssetImportingV2(NoUpdateAssetOptions)
MIXAMO_VALID Jump_in_movement length=1,000 humanoid=True
UnityEngine.Debug:ExtractStackTraceNoAlloc (byte*,int,string)
UnityEngine.StackTraceUtility:ExtractStackTrace ()
UnityEngine.DebugLogHandler:Internal_Log (UnityEngine.LogType,UnityEngine.LogOption,string,UnityEngine.Object)
UnityEngine.DebugLogHandler:LogFormat (UnityEngine.LogType,UnityEngine.Object,string,object[])
UnityEngine.Logger:Log (UnityEngine.LogType,object)
UnityEngine.Debug:Log (object)
PlayerAnimationExpansion:BuildController () (at Assets/Editor/PlayerAnimationExpansion.cs:48)
PlayerLocomotionSetup:Configure () (at Assets/Editor/PlayerLocomotionSetup.cs:42)
PlayerAnimationExpansion:ConfigureAndValidate () (at Assets/Editor/PlayerAnimationExpansion.cs:197)
MovementHUDRefinement:Run () (at Assets/Editor/MovementHUDRefinement.cs:14)

(Filename: Assets/Editor/PlayerAnimationExpansion.cs Line: 48)

Start importing Assets/Animations/Fast Run.fbx using Guid(edafb93b1f1403346820c29335958417) (FBXImporter)Keyframe reduction: Ratio: 65.520363%;
 -> (artifact id: 'c1f06cb1a5ce2a7b86f3d0f275ad0949') in 0.1463195 seconds
Refreshing native plugins compatible for Editor in 3.47 ms, found 4 plugins.
Preloading 0 native plugins for Editor in 0.00 ms.
Asset Pipeline Refresh (id=44ce17e9e7719c7488d69d8978a6c3cf): Total: 0.174 seconds - Initiated by StopAssetImportingV2(NoUpdateAssetOptions)
MIXAMO_VALID Fast Run length=0,533 humanoid=True
UnityEngine.Debug:ExtractStackTraceNoAlloc (byte*,int,string)
UnityEngine.StackTraceUtility:ExtractStackTrace ()
UnityEngine.DebugLogHandler:Internal_Log (UnityEngine.LogType,UnityEngine.LogOption,string,UnityEngine.Object)
UnityEngine.DebugLogHandler:LogFormat (UnityEngine.LogType,UnityEngine.Object,string,object[])
UnityEngine.Logger:Log (UnityEngine.LogType,object)
UnityEngine.Debug:Log (object)
PlayerAnimationExpansion:BuildController () (at Assets/Editor/PlayerAnimationExpansion.cs:48)
PlayerLocomotionSetup:Configure () (at Assets/Editor/PlayerLocomotionSetup.cs:42)
PlayerAnimationExpansion:ConfigureAndValidate () (at Assets/Editor/PlayerAnimationExpansion.cs:197)
MovementHUDRefinement:Run () (at Assets/Editor/MovementHUDRefinement.cs:14)

(Filename: Assets/Editor/PlayerAnimationExpansion.cs Line: 48)

Start importing Assets/Animations/Running Right Turn.fbx using Guid(eb7c9dcbf9263b64fb01a146ccd1b31a) (FBXImporter)Keyframe reduction: Ratio: 62.948719%;
 -> (artifact id: 'ad6e125b63afa25264886b0ebf1d4bcf') in 0.141004 seconds
Refreshing native plugins compatible for Editor in 3.37 ms, found 4 plugins.
Preloading 0 native plugins for Editor in 0.00 ms.
Asset Pipeline Refresh (id=f9694174ad5609c478b4d02e9f8eec3f): Total: 0.171 seconds - Initiated by StopAssetImportingV2(NoUpdateAssetOptions)
MIXAMO_VALID Running Right Turn length=0,767 humanoid=True
UnityEngine.Debug:ExtractStackTraceNoAlloc (byte*,int,string)
UnityEngine.StackTraceUtility:ExtractStackTrace ()
UnityEngine.DebugLogHandler:Internal_Log (UnityEngine.LogType,UnityEngine.LogOption,string,UnityEngine.Object)
UnityEngine.DebugLogHandler:LogFormat (UnityEngine.LogType,UnityEngine.Object,string,object[])
UnityEngine.Logger:Log (UnityEngine.LogType,object)
UnityEngine.Debug:Log (object)
PlayerAnimationExpansion:BuildController () (at Assets/Editor/PlayerAnimationExpansion.cs:48)
PlayerLocomotionSetup:Configure () (at Assets/Editor/PlayerLocomotionSetup.cs:42)
PlayerAnimationExpansion:ConfigureAndValidate () (at Assets/Editor/PlayerAnimationExpansion.cs:197)
MovementHUDRefinement:Run () (at Assets/Editor/MovementHUDRefinement.cs:14)

(Filename: Assets/Editor/PlayerAnimationExpansion.cs Line: 48)

JUMP_CONTACT Jump_on_site takeoff=0,745 landing=1,391 length=2,600 removedArc=0,496
UnityEngine.Debug:ExtractStackTraceNoAlloc (byte*,int,string)
UnityEngine.StackTraceUtility:ExtractStackTrace ()
UnityEngine.DebugLogHandler:Internal_Log (UnityEngine.LogType,UnityEngine.LogOption,string,UnityEngine.Object)
UnityEngine.DebugLogHandler:LogFormat (UnityEngine.LogType,UnityEngine.Object,string,object[])
UnityEngine.Logger:Log (UnityEngine.LogType,object)
UnityEngine.Debug:Log (object)
JumpMotionProcessing:Process (UnityEngine.AnimationClip,UnityEngine.AnimationClip) (at Assets/Editor/JumpMotionProcessing.cs:72)
PlayerAnimationExpansion:BuildController () (at Assets/Editor/PlayerAnimationExpansion.cs:58)
PlayerLocomotionSetup:Configure () (at Assets/Editor/PlayerLocomotionSetup.cs:42)
PlayerAnimationExpansion:ConfigureAndValidate () (at Assets/Editor/PlayerAnimationExpansion.cs:197)
MovementHUDRefinement:Run () (at Assets/Editor/MovementHUDRefinement.cs:14)

(Filename: Assets/Editor/JumpMotionProcessing.cs Line: 72)

JUMP_CONTACT Jump_in_movement takeoff=0,017 landing=0,650 length=1,000 removedArc=0,866
UnityEngine.Debug:ExtractStackTraceNoAlloc (byte*,int,string)
UnityEngine.StackTraceUtility:ExtractStackTrace ()
UnityEngine.DebugLogHandler:Internal_Log (UnityEngine.LogType,UnityEngine.LogOption,string,UnityEngine.Object)
UnityEngine.DebugLogHandler:LogFormat (UnityEngine.LogType,UnityEngine.Object,string,object[])
UnityEngine.Logger:Log (UnityEngine.LogType,object)
UnityEngine.Debug:Log (object)
JumpMotionProcessing:Process (UnityEngine.AnimationClip,UnityEngine.AnimationClip) (at Assets/Editor/JumpMotionProcessing.cs:72)
PlayerAnimationExpansion:BuildController () (at Assets/Editor/PlayerAnimationExpansion.cs:58)
PlayerLocomotionSetup:Configure () (at Assets/Editor/PlayerLocomotionSetup.cs:42)
PlayerAnimationExpansion:ConfigureAndValidate () (at Assets/Editor/PlayerAnimationExpansion.cs:197)
MovementHUDRefinement:Run () (at Assets/Editor/MovementHUDRefinement.cs:14)

(Filename: Assets/Editor/JumpMotionProcessing.cs Line: 72)

Start importing Assets/Animations/Generated/Female Stop Walking In Place.anim using Guid(a1f56b8416bb5e94c9829205203f62ba) (NativeFormatImporter) -> (artifact id: 'd586dae16f2b2ce59fcea42b8fd378ea') in 0.007946 seconds
Start importing Assets/Animations/Generated/Female Start Walking In Place.anim using Guid(7319d8755fa6cac4e8a809ad272d5a1d) (NativeFormatImporter) -> (artifact id: '546e61c01c78dce57272f39f0ab148fa') in 0.0064458 seconds
Start importing Assets/Animations/Generated/Backward Stop.anim using Guid(455706a0e7232544ab1e7a2e7b205486) (NativeFormatImporter) -> (artifact id: 'a120ca35770d4dfdba5d6407a49c4121') in 0.0073788 seconds
Start importing Assets/Animations/Generated/Running Right Turn In Place.anim using Guid(f67242e347b366a4bb999c025802b47f) (NativeFormatImporter) -> (artifact id: 'a6cdffb213c9d0d4a4fe05163c36d1a2') in 0.0066743 seconds
Start importing Assets/Animations/Generated/Fast Run In Place.anim using Guid(d7be852721fcac846a7bab207beb8a17) (NativeFormatImporter) -> (artifact id: '1b82de119aa9179cf6b1ce773d069322') in 0.0054657 seconds
Start importing Assets/Animations/Generated/Crouched To Standing Reverse.anim using Guid(b81b460f7b3c66e4aa6b68e98b5c6c85) (NativeFormatImporter) -> (artifact id: '98ffc738c9ee6081b23abca74add3946') in 0.0055315 seconds
Start importing Assets/Animations/Generated/Crouched Walking Reverse.anim using Guid(1924237cd8790a747818bf4b7da35b60) (NativeFormatImporter) -> (artifact id: '61e9809ac9a83cdea96bf3a6b1b9b652') in 0.0061766 seconds
Start importing Assets/Animations/Generated/Backward Start.anim using Guid(29391fe3b6355c445aa00cf66f02e438) (NativeFormatImporter) -> (artifact id: 'e8bd79a0320cf28619e37d53afb528d9') in 0.0064656 seconds
Start importing Assets/Animations/Generated/Jump_on_site In Place.anim using Guid(f9a969af613f9d246b7573a34b7a9a4d) (NativeFormatImporter) -> (artifact id: '78db76852e57f12251f0fc13daea7e0d') in 0.0110934 seconds
Start importing Assets/Animations/Generated/Female Walk In Place.anim using Guid(8a729027d3b393d4fa380a8c5c031f59) (NativeFormatImporter) -> (artifact id: '2c0597f7707f5ec12ba612c13187732a') in 0.0059961 seconds
Start importing Assets/Animations/Generated/Pistol Aim Reverse.anim using Guid(ea2bd6191eac3444fa73bd89002c040b) (NativeFormatImporter) -> (artifact id: 'c9f238a292b11becfb75794917f7c353') in 0.0111191 seconds
Start importing Assets/Animations/Generated/Jump_in_movement In Place.anim using Guid(bc6c2ba75f4bf3741926c1b4d57b639e) (NativeFormatImporter) -> (artifact id: 'd1575c182836981938492c8777e9d72b') in 0.0074467 seconds
Start importing Assets/Animations/Generated/Crouched Walking In Place.anim using Guid(2d33602205fbf5a49bafbcc3463d00d8) (NativeFormatImporter) -> (artifact id: '2f4eadc7b6295b2704f2dc77a2eb6823') in 0.0059804 seconds
Start importing Assets/Animations/Generated/Walking Reverse.anim using Guid(1e1c30fde7021914f83ef6b4faef06b5) (NativeFormatImporter) -> (artifact id: 'c2752daf2cb024ab9b56d91b10da503f') in 0.0064473 seconds
Start importing Assets/Animations/PlayerLocomotion.controller using Guid(1239467a41f82eb4aa7575448d51c7b1) (NativeFormatImporter) -> (artifact id: '8d9f99a0262eaae4099d3f349f37a7c8') in 0.0039272 seconds
Refreshing native plugins compatible for Editor in 3.48 ms, found 4 plugins.
Preloading 0 native plugins for Editor in 0.00 ms.
Asset Pipeline Refresh (id=221eb52366f4fc44bbd75d4f83260f6c): Total: 0.164 seconds - Initiated by StopAssetImportingV2(NoUpdateAssetOptions)
Loaded scene 'Library/Unused/b311e788af9c93241bb14fef706eb650'
	Deserialize:            35.466 ms
	Integration:            53.335 ms
	Integration of assets:  12.948 ms
	Thread Wait Time:       8.204 ms
	Total Operation Time:   109.953 ms
Asset Pipeline Refresh (id=e7ce4d334f774174bb55ff922228f5c0): Total: 0.015 seconds - Initiated by StopAssetImportingV2(NoUpdateAssetOptions)
Jugador configurado: caminar, strafe, pistola y agachado con transiciones. Avatar del personaje conservado.
UnityEngine.Debug:ExtractStackTraceNoAlloc (byte*,int,string)
UnityEngine.StackTraceUtility:ExtractStackTrace ()
UnityEngine.DebugLogHandler:Internal_Log (UnityEngine.LogType,UnityEngine.LogOption,string,UnityEngine.Object)
UnityEngine.DebugLogHandler:LogFormat (UnityEngine.LogType,UnityEngine.Object,string,object[])
UnityEngine.Logger:Log (UnityEngine.LogType,object)
UnityEngine.Debug:Log (object)
PlayerLocomotionSetup:Configure () (at Assets/Editor/PlayerLocomotionSetup.cs:91)
PlayerAnimationExpansion:ConfigureAndValidate () (at Assets/Editor/PlayerAnimationExpansion.cs:197)
MovementHUDRefinement:Run () (at Assets/Editor/MovementHUDRefinement.cs:14)

(Filename: Assets/Editor/PlayerLocomotionSetup.cs Line: 91)

Unloading 0 Unused Serialized files (Serialized files now loaded: 0)
Unloading 3221 unused Assets / (8.4 MB). Loaded Objects now: 7509.
Memory consumption went from 237.8 MB to 229.4 MB.
Total: 11.376800 ms (FindLiveObjects: 0.531200 ms CreateObjectMapping: 0.461400 ms MarkObjects: 8.036100 ms  DeleteObjects: 2.346500 ms)

CROUCH_POSES low=(0.01600, 0.66258, -0.13295) high=(0.01970, 1.30400, 0.51368) reverseStart=(0.01970, 1.30400, 0.51368) reverseEnd=(0.01600, 0.66258, -0.13295)
UnityEngine.Debug:ExtractStackTraceNoAlloc (byte*,int,string)
UnityEngine.StackTraceUtility:ExtractStackTrace ()
UnityEngine.DebugLogHandler:Internal_Log (UnityEngine.LogType,UnityEngine.LogOption,string,UnityEngine.Object)
UnityEngine.DebugLogHandler:LogFormat (UnityEngine.LogType,UnityEngine.Object,string,object[])
UnityEngine.Logger:Log (UnityEngine.LogType,object)
UnityEngine.Debug:Log (object)
PlayerAnimationExpansion:Validate () (at Assets/Editor/PlayerAnimationExpansion.cs:381)
PlayerAnimationExpansion:ConfigureAndValidate () (at Assets/Editor/PlayerAnimationExpansion.cs:199)
MovementHUDRefinement:Run () (at Assets/Editor/MovementHUDRefinement.cs:14)

(Filename: Assets/Editor/PlayerAnimationExpansion.cs Line: 381)

MIXAMO_VALIDATION_PASSED 10813
UnityEngine.Debug:ExtractStackTraceNoAlloc (byte*,int,string)
UnityEngine.StackTraceUtility:ExtractStackTrace ()
UnityEngine.DebugLogHandler:Internal_Log (UnityEngine.LogType,UnityEngine.LogOption,string,UnityEngine.Object)
UnityEngine.DebugLogHandler:LogFormat (UnityEngine.LogType,UnityEngine.Object,string,object[])
UnityEngine.Logger:Log (UnityEngine.LogType,object)
UnityEngine.Debug:Log (object)
PlayerAnimationExpansion:Validate () (at Assets/Editor/PlayerAnimationExpansion.cs:394)
PlayerAnimationExpansion:ConfigureAndValidate () (at Assets/Editor/PlayerAnimationExpansion.cs:199)
MovementHUDRefinement:Run () (at Assets/Editor/MovementHUDRefinement.cs:14)

(Filename: Assets/Editor/PlayerAnimationExpansion.cs Line: 394)

Opening scene 'Assets/Scenes/10_World_City.unity'
Unloading 60 Unused Serialized files (Serialized files now loaded: 0)
Loaded scene 'Assets/Scenes/10_World_City.unity'
	Deserialize:            65.763 ms
	Integration:            397.784 ms
	Integration of assets:  3.107 ms
	Thread Wait Time:       -0.041 ms
	Total Operation Time:   466.612 ms
Unloading 2068 unused Assets / (2.8 MB). Loaded Objects now: 11814.
Memory consumption went from 320.0 MB to 317.2 MB.
Total: 12.938700 ms (FindLiveObjects: 1.070400 ms CreateObjectMapping: 0.726400 ms MarkObjects: 8.746100 ms  DeleteObjects: 2.394800 ms)

Start importing Assets/Scenes/10_World_City.unity using Guid(a6b5732f9273c2648a7317671c528327) (DefaultImporter) -> (artifact id: '046affec092cefdccb4c4f56c217b606') in 0.0019093 seconds
Refreshing native plugins compatible for Editor in 3.28 ms, found 4 plugins.
Preloading 0 native plugins for Editor in 0.00 ms.
Asset Pipeline Refresh (id=b4863c1ca25327a4ab3d4e6fe0a42699): Total: 0.052 seconds - Initiated by StopAssetImportingV2(NoUpdateAssetOptions)
MOVEMENT_HUD_REFINEMENT_PASSED
UnityEngine.Debug:ExtractStackTraceNoAlloc (byte*,int,string)
UnityEngine.StackTraceUtility:ExtractStackTrace ()
UnityEngine.DebugLogHandler:Internal_Log (UnityEngine.LogType,UnityEngine.LogOption,string,UnityEngine.Object)
UnityEngine.DebugLogHandler:LogFormat (UnityEngine.LogType,UnityEngine.Object,string,object[])
UnityEngine.Logger:Log (UnityEngine.LogType,object)
UnityEngine.Debug:Log (object)
MovementHUDRefinement:Run () (at Assets/Editor/MovementHUDRefinement.cs:37)

(Filename: Assets/Editor/MovementHUDRefinement.cs Line: 37)

Batchmode quit successfully invoked - shutting down!
[Physics::Module] Cleanup current backend.
[Physics::Module] Id: 0xf2b8ea05
Input System module state changed to: ShutdownInProgress.
Input System polling thread exited.
Input System module state changed to: Shutdown.
[Licensing::IpcConnector] LicenseClient-adm_mgarciajavier-notifications channel disconnected successfully.
[Licensing::IpcConnector] LicenseClient-adm_mgarciajavier channel disconnected successfully.
AcceleratorClientConnectionCallback - disconnected - :0
Cleanup mono
Exiting batchmode successfully now!
Exiting without the bug reporter. Application will terminate with return code 0