[Licensing::Module] Trying to connect to existing licensing client channel...
Built from '6000.3/staging' branch; Version is '6000.3.8f1 (1c7db571dde0) revision 1867189'; Using compiler version '194234433'; Build Type 'Release'
OS: 'Windows 11  (10.0.26200) Professional' Language: 'es' Physical Memory: 15750 MB
[Licensing::IpcConnector] Successfully connected to: "LicenseClient-adm_mgarciajavier" at "2026-10-09T11:11:04.2875813Z"
BatchMode: 1, IsHumanControllingUs: 0, StartBugReporterOnCrash: 0, Is64bit: 1
System  architecture: x64
Process architecture: x64
Date: 2026-10-09T11:11:04Z

COMMAND LINE ARGUMENTS:
C:\Program Files\Unity\Hub\Editor\6000.3.8f1\Editor\Unity.exe
-batchmode
-quit
-projectPath
C:/Users/adm_mgarciajavier/Documents/Unity projects/Criminal-Game
-executeMethod
SolarOrganizationRevision.PhaseOne
-logFile
Documentation/SolarOrganizationPhaseOne.log
Successfully changed project path to: C:/Users/adm_mgarciajavier/Documents/Unity projects/Criminal-Game
C:/Users/adm_mgarciajavier/Documents/Unity projects/Criminal-Game
[UnityMemory] Configuration Parameters - Can be set up in boot.config
    "memorysetup-temp-allocator-size-nav-mesh-worker=65536"
    "memorysetup-temp-allocator-size-audio-worker=65536"
    "memorysetup-temp-allocator-size-gfx=262144"
    "memorysetup-allocator-temp-initial-block-size-main=262144"
    "memorysetup-allocator-temp-initial-block-size-worker=262144"
    "memorysetup-temp-allocator-size-background-worker=32768"
    "memorysetup-temp-allocator-size-job-worker=262144"
    "memorysetup-temp-allocator-size-preload-manager=33554432"
    "memorysetup-temp-allocator-size-gi-baking-worker=262144"
    "memorysetup-temp-allocator-size-gi-baking-worker=262144"
    "memorysetup-temp-allocator-size-gi-baking-worker=262144"
    "memorysetup-temp-allocator-size-gi-baking-worker=262144"
    "memorysetup-temp-allocator-size-gi-baking-worker=262144"
    "memorysetup-bucket-allocator-granularity=16"
    "memorysetup-bucket-allocator-bucket-count=8"
    "memorysetup-bucket-allocator-block-size=33554432"
    "memorysetup-bucket-allocator-block-count=8"
    "memorysetup-main-allocator-block-size=16777216"
    "memorysetup-thread-allocator-block-size=16777216"
    "memorysetup-gfx-main-allocator-block-size=16777216"
    "memorysetup-gfx-thread-allocator-block-size=16777216"
    "memorysetup-cache-allocator-block-size=4194304"
    "memorysetup-typetree-allocator-block-size=2097152"
    "memorysetup-profiler-bucket-allocator-granularity=16"
    "memorysetup-profiler-bucket-allocator-bucket-count=8"
    "memorysetup-profiler-bucket-allocator-block-size=33554432"
    "memorysetup-profiler-bucket-allocator-block-count=8"
    "memorysetup-profiler-allocator-block-size=16777216"
    "memorysetup-profiler-editor-allocator-block-size=1048576"
    "memorysetup-temp-allocator-size-main=16777216"
    "memorysetup-job-temp-allocator-block-size=2097152"
    "memorysetup-job-temp-allocator-block-size-background=1048576"
    "memorysetup-job-temp-allocator-reduction-small-platforms=262144"
    "memorysetup-temp-allocator-size-cloud-worker=32768"
Player connection [37368]  Target information:

Player connection [37368]  * "[IP] 169.254.83.107 [Port] 55506 [Flags] 2 [Guid] 3026990565 [EditorId] 3026990565 [Version] 1048832 [Id] WindowsEditor(7,SEP02003ECP4) [Debug] 1 [PackageName] WindowsEditor [ProjectName] Editor" 

Player connection [37368]  * "[IP] 10.225.3.143 [Port] 55506 [Flags] 2 [Guid] 3026990565 [EditorId] 3026990565 [Version] 1048832 [Id] WindowsEditor(7,SEP02003ECP4) [Debug] 1 [PackageName] WindowsEditor [ProjectName] Editor" 

Player connection [37368] Host joined multi-casting on [225.0.0.222:54997]...
Player connection [37368] Host joined alternative multi-casting on [225.0.0.222:34997]...
Input System module state changed to: Initialized.
[Physics::Module] Initialized fallback backend.
[Physics::Module] Id: 0xdecafbad
[Package Manager] Connected to IPC stream "Upm-25852" after 0.5 seconds.
[Licensing::Module] Licensing is not yet initialized.
[Licensing::Client] Handshaking with LicensingClient:
  Version:                 1.17.4+4293ba1
  Session Id:              46a001d51f954170a441a225f290aaa9
  Correlation Id:          54fa6951693184acbf5e18a37c7d2537
  External correlation Id: 2894555898318831546
  Machine Id:              /vGJGymoPSYuLyiSLmM/5/OP03Q=
[Licensing::Module] Successfully connected to LicensingClient on channel: "LicenseClient-adm_mgarciajavier" (connect: 0.00s, validation: 0.01s, handshake: 2.43s)
[Licensing::IpcConnector] Successfully connected to: "LicenseClient-adm_mgarciajavier-notifications" at "2026-10-09T11:11:06.7265123Z"
[Licensing::Module] Error: Access token is unavailable; failed to update
[Licensing::Client] Successfully resolved entitlement details
[Licensing::Module] License group:
  Id: 6872099004708-UnityPersXXXX
  Product: Unity Personal
  Type: Assigned
  Expiration: Unlimited
[Licensing::Client] Successfully updated license, isAsync: True, time: 0.00
[Licensing::Client] Successfully resolved entitlement details
[Licensing::Module] Licensing Background thread has ended after 2.46s
[Licensing::Module] Licensing is initialized (took 1.16s).
[Licensing::Client] Successfully resolved entitlement details
Library Redirect Path: Library/
[Physics::Module] Selected backend.
[Physics::Module] Name: PhysX
[Physics::Module] Id: 0xf2b8ea05
[Physics::Module] SDK Version: 4.1.2
[Physics::Module] Integration Version: 1.0.0
[Physics::Module] Threading Mode: Multi-Threaded
Refreshing native plugins compatible for Editor in 1.51 ms, found 0 plugins.
Preloading 0 native plugins for Editor in 0.00 ms.
Initialize engine version: 6000.3.8f1 (1c7db571dde0)
[Subsystems] Discovering subsystems at path C:/Program Files/Unity/Hub/Editor/6000.3.8f1/Editor/Data/Resources/UnitySubsystems
[Subsystems] Discovering subsystems at path C:/Users/adm_mgarciajavier/Documents/Unity projects/Criminal-Game/Assets
GfxDevice: creating device client; kGfxThreadingModeNonThreaded
Direct3D:
    Version:  Direct3D 11.0 [level 11.1]
    Renderer: AMD Radeon(TM) Graphics (ID=0x1638)
    Vendor:   ATI
    VRAM:     7875 MB
    Driver:   31.0.21921.1000
Initialize mono
Mono path[0] = 'C:/Program Files/Unity/Hub/Editor/6000.3.8f1/Editor/Data/Managed'
Mono path[1] = 'C:/Program Files/Unity/Hub/Editor/6000.3.8f1/Editor/Data/MonoBleedingEdge/lib/mono/unityjit-win32'
Mono config path = 'C:/Program Files/Unity/Hub/Editor/6000.3.8f1/Editor/Data/MonoBleedingEdge/etc'
Using monoOptions --debugger-agent=transport=dt_socket,embedding=1,server=y,suspend=n,address=127.0.0.1:56852
Using cacheserver namespaces - metadata:defaultmetadata, artifacts:defaultartifacts
Using cacheserver namespaces - metadata:defaultmetadata, artifacts:defaultartifacts
ImportWorker Server TCP listen port: 0
AcceleratorClientConnectionCallback - disconnected - :0
Begin MonoManager ReloadAssembly
Registering precompiled unity dll's ...
Register platform support module: C:/Program Files/Unity/Hub/Editor/6000.3.8f1/Editor/Data/PlaybackEngines/WindowsStandaloneSupport/UnityEditor.WindowsStandalone.Extensions.dll
Registered in 0.005806 seconds.
- Loaded All Assemblies, in  0.806 seconds
Native extension for WindowsStandalone target not found
ScheduleIndexationOnStartup MainProcess:False IndexOnStartup:True
Mono: successfully reloaded assembly
- Finished resetting the current domain, in  0.566 seconds
Domain Reload Profiling: 1365ms
	BeginReloadAssembly (339ms)
		ExecutionOrderSort (0ms)
		DisableScriptedObjects (0ms)
		BackupInstance (0ms)
		ReleaseScriptingObjects (0ms)
		CreateAndSetChildDomain (32ms)
	RebuildCommonClasses (75ms)
	RebuildNativeTypeToScriptingClass (17ms)
	initialDomainReloadingComplete (109ms)
	LoadAllAssembliesAndSetupDomain (258ms)
		LoadAssemblies (299ms)
		RebuildTransferFunctionScriptingTraits (0ms)
		AnalyzeDomain (253ms)
			TypeCache.Refresh (249ms)
				TypeCache.ScanAssembly (226ms)
			BuildScriptInfoCaches (0ms)
			ResolveRequiredComponents (1ms)
	FinalizeReload (567ms)
		ReleaseScriptCaches (0ms)
		RebuildScriptCaches (0ms)
		SetupLoadedEditorAssemblies (513ms)
			LogAssemblyErrors (0ms)
			InitializePlatformSupportModulesInManaged (63ms)
			SetLoadedEditorAssemblies (5ms)
			BeforeProcessingInitializeOnLoad (126ms)
			ProcessInitializeOnLoadAttributes (202ms)
			ProcessInitializeOnLoadMethodAttributes (116ms)
			AfterProcessingInitializeOnLoad (0ms)
			EditorAssembliesLoaded (1ms)
		ExecutionOrderSort2 (0ms)
		AwakeInstancesAfterBackupRestoration (0ms)
[Licensing::Client] Successfully resolved entitlement details
Application.AssetDatabase Initial Refresh Start
Package Manager log level set to [2]
[Package Manager] Restoring resolved packages state from cache
[Licensing::Client] Successfully resolved entitlement details
[Package Manager] Registered 60 packages:
  Packages from [https://packages.unity.com]:
    com.unity.ai.navigation@2.0.10 (location: C:\Users\adm_mgarciajavier\Documents\Unity projects\Criminal-Game\Library\PackageCache\com.unity.ai.navigation@c33a115e9883)
    com.unity.collab-proxy@2.11.3 (location: C:\Users\adm_mgarciajavier\Documents\Unity projects\Criminal-Game\Library\PackageCache\com.unity.collab-proxy@e566cd3e7623)
    com.unity.formats.fbx@5.1.5 (location: C:\Users\adm_mgarciajavier\Documents\Unity projects\Criminal-Game\Library\PackageCache\com.unity.formats.fbx@86d1698ebb13)
    com.unity.ide.rider@3.0.39 (location: C:\Users\adm_mgarciajavier\Documents\Unity projects\Criminal-Game\Library\PackageCache\com.unity.ide.rider@4504839d03f7)
    com.unity.ide.visualstudio@2.0.26 (location: C:\Users\adm_mgarciajavier\Documents\Unity projects\Criminal-Game\Library\PackageCache\com.unity.ide.visualstudio@a99d56dec63f)
    com.unity.inputsystem@1.18.0 (location: C:\Users\adm_mgarciajavier\Documents\Unity projects\Criminal-Game\Library\PackageCache\com.unity.inputsystem@57d0e36f6123)
    com.unity.postprocessing@3.5.1 (location: C:\Users\adm_mgarciajavier\Documents\Unity projects\Criminal-Game\Library\PackageCache\com.unity.postprocessing@4a41da475b74)
    com.unity.timeline@1.8.10 (location: C:\Users\adm_mgarciajavier\Documents\Unity projects\Criminal-Game\Library\PackageCache\com.unity.timeline@7f8b2fb101b6)
    com.unity.visualscripting@1.9.9 (location: C:\Users\adm_mgarciajavier\Documents\Unity projects\Criminal-Game\Library\PackageCache\com.unity.visualscripting@191c0d7e3b69)
    com.unity.searcher@4.9.4 (location: C:\Users\adm_mgarciajavier\Documents\Unity projects\Criminal-Game\Library\PackageCache\com.unity.searcher@d45a78918735)
    com.autodesk.fbx@5.1.3 (location: C:\Users\adm_mgarciajavier\Documents\Unity projects\Criminal-Game\Library\PackageCache\com.autodesk.fbx@90432ec06ab5)
    com.unity.burst@1.8.27 (location: C:\Users\adm_mgarciajavier\Documents\Unity projects\Criminal-Game\Library\PackageCache\com.unity.burst@973857688024)
    com.unity.mathematics@1.3.3 (location: C:\Users\adm_mgarciajavier\Documents\Unity projects\Criminal-Game\Library\PackageCache\com.unity.mathematics@19a9377c4ffa)
    com.unity.collections@2.6.2 (location: C:\Users\adm_mgarciajavier\Documents\Unity projects\Criminal-Game\Library\PackageCache\com.unity.collections@aea9d3bd5e19)
    com.unity.nuget.mono-cecil@1.11.6 (location: C:\Users\adm_mgarciajavier\Documents\Unity projects\Criminal-Game\Library\PackageCache\com.unity.nuget.mono-cecil@ecb9724e46ff)
    com.unity.test-framework.performance@3.2.0 (location: C:\Users\adm_mgarciajavier\Documents\Unity projects\Criminal-Game\Library\PackageCache\com.unity.test-framework.performance@0840f58e4562)
  Built-in packages:
    com.unity.multiplayer.center@1.0.1 (location: C:\Users\adm_mgarciajavier\Documents\Unity projects\Criminal-Game\Library\PackageCache\com.unity.multiplayer.center@f01f4ba8d00a)
    com.unity.render-pipelines.universal@17.3.0 (location: C:\Users\adm_mgarciajavier\Documents\Unity projects\Criminal-Game\Library\PackageCache\com.unity.render-pipelines.universal@a6e30d1f59f5)
    com.unity.shadergraph@17.3.0 (location: C:\Users\adm_mgarciajavier\Documents\Unity projects\Criminal-Game\Library\PackageCache\com.unity.shadergraph@d44b48771ebb)
    com.unity.test-framework@1.6.0 (location: C:\Users\adm_mgarciajavier\Documents\Unity projects\Criminal-Game\Library\PackageCache\com.unity.test-framework@0b7a23ab2e1d)
    com.unity.ugui@2.0.0 (location: C:\Users\adm_mgarciajavier\Documents\Unity projects\Criminal-Game\Library\PackageCache\com.unity.ugui@bb329a87fcdc)
    com.unity.modules.accessibility@1.0.0 (location: C:\Users\adm_mgarciajavier\Documents\Unity projects\Criminal-Game\Library\PackageCache\com.unity.modules.accessibility)
    com.unity.modules.adaptiveperformance@1.0.0 (location: C:\Users\adm_mgarciajavier\Documents\Unity projects\Criminal-Game\Library\PackageCache\com.unity.modules.adaptiveperformance)
    com.unity.modules.ai@1.0.0 (location: C:\Users\adm_mgarciajavier\Documents\Unity projects\Criminal-Game\Library\PackageCache\com.unity.modules.ai)
    com.unity.modules.androidjni@1.0.0 (location: C:\Users\adm_mgarciajavier\Documents\Unity projects\Criminal-Game\Library\PackageCache\com.unity.modules.androidjni)
    com.unity.modules.animation@1.0.0 (location: C:\Users\adm_mgarciajavier\Documents\Unity projects\Criminal-Game\Library\PackageCache\com.unity.modules.animation)
    com.unity.modules.assetbundle@1.0.0 (location: C:\Users\adm_mgarciajavier\Documents\Unity projects\Criminal-Game\Library\PackageCache\com.unity.modules.assetbundle)
    com.unity.modules.audio@1.0.0 (location: C:\Users\adm_mgarciajavier\Documents\Unity projects\Criminal-Game\Library\PackageCache\com.unity.modules.audio)
    com.unity.modules.cloth@1.0.0 (location: C:\Users\adm_mgarciajavier\Documents\Unity projects\Criminal-Game\Library\PackageCache\com.unity.modules.cloth)
    com.unity.modules.director@1.0.0 (location: C:\Users\adm_mgarciajavier\Documents\Unity projects\Criminal-Game\Library\PackageCache\com.unity.modules.director)
    com.unity.modules.imageconversion@1.0.0 (location: C:\Users\adm_mgarciajavier\Documents\Unity projects\Criminal-Game\Library\PackageCache\com.unity.modules.imageconversion)
    com.unity.modules.imgui@1.0.0 (location: C:\Users\adm_mgarciajavier\Documents\Unity projects\Criminal-Game\Library\PackageCache\com.unity.modules.imgui)
    com.unity.modules.jsonserialize@1.0.0 (location: C:\Users\adm_mgarciajavier\Documents\Unity projects\Criminal-Game\Library\PackageCache\com.unity.modules.jsonserialize)
    com.unity.modules.particlesystem@1.0.0 (location: C:\Users\adm_mgarciajavier\Documents\Unity projects\Criminal-Game\Library\PackageCache\com.unity.modules.particlesystem)
    com.unity.modules.physics@1.0.0 (location: C:\Users\adm_mgarciajavier\Documents\Unity projects\Criminal-Game\Library\PackageCache\com.unity.modules.physics)
    com.unity.modules.physics2d@1.0.0 (location: C:\Users\adm_mgarciajavier\Documents\Unity projects\Criminal-Game\Library\PackageCache\com.unity.modules.physics2d)
    com.unity.modules.screencapture@1.0.0 (location: C:\Users\adm_mgarciajavier\Documents\Unity projects\Criminal-Game\Library\PackageCache\com.unity.modules.screencapture)
    com.unity.modules.terrain@1.0.0 (location: C:\Users\adm_mgarciajavier\Documents\Unity projects\Criminal-Game\Library\PackageCache\com.unity.modules.terrain)
    com.unity.modules.terrainphysics@1.0.0 (location: C:\Users\adm_mgarciajavier\Documents\Unity projects\Criminal-Game\Library\PackageCache\com.unity.modules.terrainphysics)
    com.unity.modules.tilemap@1.0.0 (location: C:\Users\adm_mgarciajavier\Documents\Unity projects\Criminal-Game\Library\PackageCache\com.unity.modules.tilemap)
    com.unity.modules.ui@1.0.0 (location: C:\Users\adm_mgarciajavier\Documents\Unity projects\Criminal-Game\Library\PackageCache\com.unity.modules.ui)
    com.unity.modules.uielements@1.0.0 (location: C:\Users\adm_mgarciajavier\Documents\Unity projects\Criminal-Game\Library\PackageCache\com.unity.modules.uielements)
    com.unity.modules.umbra@1.0.0 (location: C:\Users\adm_mgarciajavier\Documents\Unity projects\Criminal-Game\Library\PackageCache\com.unity.modules.umbra)
    com.unity.modules.unityanalytics@1.0.0 (location: C:\Users\adm_mgarciajavier\Documents\Unity projects\Criminal-Game\Library\PackageCache\com.unity.modules.unityanalytics)
    com.unity.modules.unitywebrequest@1.0.0 (location: C:\Users\adm_mgarciajavier\Documents\Unity projects\Criminal-Game\Library\PackageCache\com.unity.modules.unitywebrequest)
    com.unity.modules.unitywebrequestassetbundle@1.0.0 (location: C:\Users\adm_mgarciajavier\Documents\Unity projects\Criminal-Game\Library\PackageCache\com.unity.modules.unitywebrequestassetbundle)
    com.unity.modules.unitywebrequestaudio@1.0.0 (location: C:\Users\adm_mgarciajavier\Documents\Unity projects\Criminal-Game\Library\PackageCache\com.unity.modules.unitywebrequestaudio)
    com.unity.modules.unitywebrequesttexture@1.0.0 (location: C:\Users\adm_mgarciajavier\Documents\Unity projects\Criminal-Game\Library\PackageCache\com.unity.modules.unitywebrequesttexture)
    com.unity.modules.unitywebrequestwww@1.0.0 (location: C:\Users\adm_mgarciajavier\Documents\Unity projects\Criminal-Game\Library\PackageCache\com.unity.modules.unitywebrequestwww)
    com.unity.modules.vectorgraphics@1.0.0 (location: C:\Users\adm_mgarciajavier\Documents\Unity projects\Criminal-Game\Library\PackageCache\com.unity.modules.vectorgraphics)
    com.unity.modules.vehicles@1.0.0 (location: C:\Users\adm_mgarciajavier\Documents\Unity projects\Criminal-Game\Library\PackageCache\com.unity.modules.vehicles)
    com.unity.modules.video@1.0.0 (location: C:\Users\adm_mgarciajavier\Documents\Unity projects\Criminal-Game\Library\PackageCache\com.unity.modules.video)
    com.unity.modules.vr@1.0.0 (location: C:\Users\adm_mgarciajavier\Documents\Unity projects\Criminal-Game\Library\PackageCache\com.unity.modules.vr)
    com.unity.modules.wind@1.0.0 (location: C:\Users\adm_mgarciajavier\Documents\Unity projects\Criminal-Game\Library\PackageCache\com.unity.modules.wind)
    com.unity.modules.xr@1.0.0 (location: C:\Users\adm_mgarciajavier\Documents\Unity projects\Criminal-Game\Library\PackageCache\com.unity.modules.xr)
    com.unity.modules.subsystems@1.0.0 (location: C:\Users\adm_mgarciajavier\Documents\Unity projects\Criminal-Game\Library\PackageCache\com.unity.modules.subsystems)
    com.unity.modules.hierarchycore@1.0.0 (location: C:\Users\adm_mgarciajavier\Documents\Unity projects\Criminal-Game\Library\PackageCache\com.unity.modules.hierarchycore)
    com.unity.ext.nunit@2.0.5 (location: C:\Users\adm_mgarciajavier\Documents\Unity projects\Criminal-Game\Library\PackageCache\com.unity.ext.nunit@d8c07649098d)
    com.unity.render-pipelines.core@17.3.0 (location: C:\Users\adm_mgarciajavier\Documents\Unity projects\Criminal-Game\Library\PackageCache\com.unity.render-pipelines.core@d6dfd1e235d5)
    com.unity.render-pipelines.universal-config@17.0.3 (location: C:\Users\adm_mgarciajavier\Documents\Unity projects\Criminal-Game\Library\PackageCache\com.unity.render-pipelines.universal-config@8dc1aab4af1d)
[Subsystems] No new subsystems found in resolved package list.
[Package Manager] Done registering packages in 0.05 seconds
[ScriptCompilation] Requested script compilation because: Assetdatabase observed changes in script compilation related files
Starting: C:\Program Files\Unity\Hub\Editor\6000.3.8f1\Editor\Data\Tools\BuildPipeline\bee_backend.exe --ipc --defer-dag-verification --dagfile="Library/Bee/1900b0aE.dag" --continue-on-failure --profile="Library/Bee/backend1.traceevents" ScriptAssemblies
WorkingDir: C:/Users/adm_mgarciajavier/Documents/Unity projects/Criminal-Game
DisplayProgressbar: Compiling Scripts
ExitCode: 0 Duration: 3s385ms
[729/932    0s] ILPP-Configuration Library/ilpp-configuration.nevergeneratedoutput
[928/932    2s] Csc Library/Bee/artifacts/1900b0aE.dag/Assembly-CSharp-Editor.dll (+2 others)
[929/932    0s] ILPostProcess Library/Bee/artifacts/1900b0aE.dag/post-processed/Assembly-CSharp-Editor.dll (+pdb)
Processing assembly Library/Bee/artifacts/1900b0aE.dag/Assembly-CSharp-Editor.dll, with 137 defines and 339 references

processors: Unity.Jobs.CodeGen.JobsILPostProcessor, zzzUnity.Burst.CodeGen.BurstILPostProcessor

running Unity.Jobs.CodeGen.JobsILPostProcessor

running zzzUnity.Burst.CodeGen.BurstILPostProcessor
[930/932    0s] CopyFiles Library/ScriptAssemblies/Assembly-CSharp-Editor.pdb
[931/932    0s] CopyFiles Library/ScriptAssemblies/Assembly-CSharp-Editor.dll
*** Tundra build success (3.27 seconds), 5 items updated, 932 evaluated
AssetDatabase: script compilation time: 4.255856s
Begin MonoManager ReloadAssembly
- Loaded All Assemblies, in  1.477 seconds
Refreshing native plugins compatible for Editor in 7.43 ms, found 4 plugins.
Native extension for WindowsStandalone target not found
ScheduleIndexationOnStartup MainProcess:True IndexOnStartup:True
Mono: successfully reloaded assembly
- Finished resetting the current domain, in  3.727 seconds
Domain Reload Profiling: 5195ms
	BeginReloadAssembly (433ms)
		ExecutionOrderSort (0ms)
		DisableScriptedObjects (22ms)
		BackupInstance (0ms)
		ReleaseScriptingObjects (0ms)
		CreateAndSetChildDomain (176ms)
	RebuildCommonClasses (45ms)
	RebuildNativeTypeToScriptingClass (13ms)
	initialDomainReloadingComplete (55ms)
	LoadAllAssembliesAndSetupDomain (921ms)
		LoadAssemblies (726ms)
		RebuildTransferFunctionScriptingTraits (0ms)
		AnalyzeDomain (366ms)
			TypeCache.Refresh (253ms)
				TypeCache.ScanAssembly (239ms)
			BuildScriptInfoCaches (96ms)
			ResolveRequiredComponents (12ms)
	FinalizeReload (3728ms)
		ReleaseScriptCaches (0ms)
		RebuildScriptCaches (0ms)
		SetupLoadedEditorAssemblies (3288ms)
			LogAssemblyErrors (0ms)
			InitializePlatformSupportModulesInManaged (28ms)
			SetLoadedEditorAssemblies (6ms)
			BeforeProcessingInitializeOnLoad (248ms)
			ProcessInitializeOnLoadAttributes (2823ms)
			ProcessInitializeOnLoadMethodAttributes (168ms)
			AfterProcessingInitializeOnLoad (14ms)
			EditorAssembliesLoaded (1ms)
		ExecutionOrderSort2 (0ms)
		AwakeInstancesAfterBackupRestoration (23ms)
Refreshing native plugins compatible for Editor in 5.37 ms, found 4 plugins.
Preloading 0 native plugins for Editor in 0.00 ms.
Asset Pipeline Refresh (id=f466b72dbb2433f48860a66f5db1fa03): Total: 11.184 seconds - Initiated by InitialRefreshV2(ForceSynchronousImport)
	Summary:
		Imports: total=0 (actual=0, local cache=0, cache server=0)
		Asset DB Process Time: managed=0 ms, native=4788 ms
		Asset DB Callback time: managed=511 ms, native=79 ms
		Scripting: domain reloads=1, domain reload time=1479 ms, compile time=4258 ms, other=67 ms
		Project Asset Count: scripts=1437, non-scripts=3425
		Asset File Changes: new=0, changed=1, moved=0, deleted=0
		Scan Filter Count: 0
	InvokeCustomDependenciesCallbacks: 0.002ms
	InvokePackagesCallback: 64.391ms
	ApplyChangesToAssetFolders: 0.870ms
	Scan: 306.986ms
	OnSourceAssetsModified: 1.646ms
	CategorizeAssetsWithTransientArtifact: 102.740ms
	ProcessAssetsWithTransientArtifactChanges: 148.777ms
	CategorizeAssets: 217.288ms
	ImportOutOfDateAssets: 3752.829ms (-508.468ms without children)
		CompileScripts: 4257.637ms
		ReloadNativeAssets: 0.042ms
		UnloadImportedAssets: 1.303ms
		EnsureUptoDateAssetsAreRegisteredWithGuidPM: 1.146ms
		InitializingProgressBar: 0.000ms
		PostProcessAllAssetNotificationsAddChangedAssets: 0.001ms
		OnDemandSchedulerStart: 1.170ms
	PostProcessAllAssets: 518.803ms
	Hotreload: 10.519ms
	GatherAllCurrentPrimaryArtifactRevisions: 0.002ms
	UnloadStreamsBegin: 3.161ms
	PersistCurrentRevisions: 0.149ms
	UnloadStreamsEnd: 0.002ms
	GenerateScriptTypeHashes: 21.962ms
	Untracked: 6055.538ms

Application.AssetDatabase Initial Refresh End
Launched and connected shader compiler UnityShaderCompiler.exe after 0.05 seconds
Scanning for USB devices : 7.673ms
Initializing Unity extensions:
[MODES] ModeService[none].Initialize
[MODES] ModeService[none].LoadModes
[MODES] Loading mode Default (0) for mode-current-id-Criminal Bussines
Unloading 31 Unused Serialized files (Serialized files now loaded: 0)
Unloading 6652 unused Assets / (4.5 MB). Loaded Objects now: 7512.
Memory consumption went from 215.5 MB to 211.0 MB.
Total: 21.569400 ms (FindLiveObjects: 1.428300 ms CreateObjectMapping: 1.985100 ms MarkObjects: 13.179400 ms  DeleteObjects: 4.974500 ms)

Loaded scene 'Library/Unused/63f569e24e730a644a491e01d98bb6fd'
	Deserialize:            96.324 ms
	Integration:            14.653 ms
	Integration of assets:  37.848 ms
	Thread Wait Time:       0.032 ms
	Total Operation Time:   148.857 ms
Start importing Assets/Prefabs/Construction/Completes/Glass_Wall_door_complete.prefab using Guid(b1f3a2c3c79693843898053f78707663) (PrefabImporter) -> (artifact id: 'f36508a87c399155db7debb40dab7780') in 0.0981399 seconds
Refreshing native plugins compatible for Editor in 5.93 ms, found 4 plugins.
Preloading 0 native plugins for Editor in 0.00 ms.
Asset Pipeline Refresh (id=d545a42918df1c14ea5171c40aacffaf): Total: 0.344 seconds - Initiated by StopAssetImportingV2(NoUpdateAssetOptions)
	Summary:
		Imports: total=1 (actual=1, local cache=0, cache server=0)
		Asset DB Process Time: managed=12 ms, native=286 ms
		Asset DB Callback time: managed=25 ms, native=19 ms
		Scripting: domain reloads=0, domain reload time=0 ms, compile time=0 ms, other=0 ms
		Project Asset Count: scripts=1437, non-scripts=3425
		Asset File Changes: new=0, changed=1, moved=0, deleted=0
		Scan Filter Count: 5
	InvokeCustomDependenciesCallbacks: 0.001ms
	InvokePackagesCallback: 0.002ms
	ApplyChangesToAssetFolders: 0.249ms
	Scan: 58.248ms
	OnSourceAssetsModified: 1.663ms
	CategorizeAssetsWithTransientArtifact: 0.021ms
	ProcessAssetsWithTransientArtifactChanges: 0.379ms
	CategorizeAssets: 56.658ms
	ImportOutOfDateAssets: 149.378ms (-14.671ms without children)
		ImportManagerImport: 141.923ms (39.412ms without children)
			ImportInProcess: 102.458ms
			UpdateCategorizedAssets: 0.053ms
		ReloadNativeAssets: 0.350ms
		UnloadImportedAssets: 4.074ms
		ReloadImportedAssets: 15.184ms
		EnsureUptoDateAssetsAreRegisteredWithGuidPM: 1.143ms
		InitializingProgressBar: 0.011ms
		PostProcessAllAssetNotificationsAddChangedAssets: 0.004ms
		OnDemandSchedulerStart: 1.360ms
	PostProcessAllAssets: 34.905ms
	Hotreload: 8.615ms
	GatherAllCurrentPrimaryArtifactRevisions: 0.230ms
	UnloadStreamsBegin: 0.244ms
	PersistCurrentRevisions: 0.468ms
	UnloadStreamsEnd: 0.003ms
	Untracked: 33.015ms

Loaded scene 'Library/Unused/1988e88903658e84cb62de4195cf9d93'
	Deserialize:            10.521 ms
	Integration:            1.617 ms
	Integration of assets:  2.226 ms
	Thread Wait Time:       122.396 ms
	Total Operation Time:   136.760 ms
Start importing Assets/Prefabs/Construction/Incompletes/Glass_Wall_door_incomplete.prefab using Guid(e8e219ceaca215749bdd33ed134b2849) (PrefabImporter) -> (artifact id: '96682e9667ad8a4c1fda38972d6a1a51') in 0.0133349 seconds
Refreshing native plugins compatible for Editor in 6.48 ms, found 4 plugins.
Preloading 0 native plugins for Editor in 0.00 ms.
Asset Pipeline Refresh (id=f984f26133ebcde4195ac81ad3def36c): Total: 0.125 seconds - Initiated by StopAssetImportingV2(NoUpdateAssetOptions)
Loaded scene 'Library/Unused/b9d156f4c747dab4fa888d2f38ccefc3'
	Deserialize:            7.243 ms
	Integration:            2.091 ms
	Integration of assets:  0.367 ms
	Thread Wait Time:       0.033 ms
	Total Operation Time:   9.734 ms
Start importing Assets/Prefabs/Construction/Semincompletes/Glass_Wall_door_semincomplete.prefab using Guid(9a6c37167f64f0e4ca4708a6bf67cdfd) (PrefabImporter) -> (artifact id: 'eb1d20b25aec360b20ccc1f9c6f875aa') in 0.0193128 seconds
Refreshing native plugins compatible for Editor in 6.47 ms, found 4 plugins.
Preloading 0 native plugins for Editor in 0.00 ms.
Asset Pipeline Refresh (id=8cde2164034e14f4a94134eea1ed0043): Total: 0.105 seconds - Initiated by StopAssetImportingV2(NoUpdateAssetOptions)
Opening scene 'Assets/Scenes/10_World_City.unity'
Unloading 142 Unused Serialized files (Serialized files now loaded: 0)
Loaded scene 'Assets/Scenes/10_World_City.unity'
	Deserialize:            344.264 ms
	Integration:            937.487 ms
	Integration of assets:  118.709 ms
	Thread Wait Time:       7.396 ms
	Total Operation Time:   1407.856 ms
Unloading 17 unused Assets / (3.3 KB). Loaded Objects now: 12969.
Memory consumption went from 262.2 MB to 262.2 MB.
Total: 16.372400 ms (FindLiveObjects: 1.842000 ms CreateObjectMapping: 1.074200 ms MarkObjects: 13.225400 ms  DeleteObjects: 0.227200 ms)

Start importing Assets/Scenes/10_World_City.unity using Guid(a6b5732f9273c2648a7317671c528327) (DefaultImporter) -> (artifact id: '342c1a82c3170f6d138befae7f109970') in 0.0036824 seconds
Refreshing native plugins compatible for Editor in 5.34 ms, found 4 plugins.
Preloading 0 native plugins for Editor in 0.00 ms.
Asset Pipeline Refresh (id=d8fb2e84ae0ec874cbe2f351fcd7650e): Total: 0.094 seconds - Initiated by StopAssetImportingV2(NoUpdateAssetOptions)
Opening scene 'Assets/Scenes/10_World_City.unity'
Unloading 24 Unused Serialized files (Serialized files now loaded: 0)
Loaded scene 'Assets/Scenes/10_World_City.unity'
	Deserialize:            34.921 ms
	Integration:            412.851 ms
	Integration of assets:  0.010 ms
	Thread Wait Time:       0.227 ms
	Total Operation Time:   448.009 ms
Unloading 158 unused Assets / (33.7 KB). Loaded Objects now: 13143.
Memory consumption went from 273.9 MB to 273.8 MB.
Total: 13.618800 ms (FindLiveObjects: 0.938700 ms CreateObjectMapping: 0.715700 ms MarkObjects: 11.497300 ms  DeleteObjects: 0.466100 ms)

SUCCESS walls swapped=0; roots parented=212; backup=Documentation/SolarOrganizationBackup/20261009_111121
UnityEngine.Debug:ExtractStackTraceNoAlloc (byte*,int,string)
UnityEngine.StackTraceUtility:ExtractStackTrace ()
UnityEngine.DebugLogHandler:Internal_Log (UnityEngine.LogType,UnityEngine.LogOption,string,UnityEngine.Object)
UnityEngine.DebugLogHandler:LogFormat (UnityEngine.LogType,UnityEngine.Object,string,object[])
UnityEngine.Logger:Log (UnityEngine.LogType,object)
UnityEngine.Debug:Log (object)
SolarOrganizationRevision:RunInternal (bool) (at Assets/Editor/SolarOrganizationRevision.cs:183)
SolarOrganizationRevision:PhaseOne () (at Assets/Editor/SolarOrganizationRevision.cs:118)

(Filename: Assets/Editor/SolarOrganizationRevision.cs Line: 183)

Batchmode quit successfully invoked - shutting down!
[Physics::Module] Cleanup current backend.
[Physics::Module] Id: 0xf2b8ea05
Input System module state changed to: ShutdownInProgress.
Input System polling thread exited.
Input System module state changed to: Shutdown.
[Licensing::IpcConnector] LicenseClient-adm_mgarciajavier-notifications channel disconnected successfully.
[Licensing::IpcConnector] LicenseClient-adm_mgarciajavier channel disconnected successfully.
AcceleratorClientConnectionCallback - disconnected - :0
Cleanup mono
Exiting batchmode successfully now!
Exiting without the bug reporter. Application will terminate with return code 0