[Licensing::Module] Trying to connect to existing licensing client channel...
Built from '6000.3/staging' branch; Version is '6000.3.8f1 (1c7db571dde0) revision 1867189'; Using compiler version '194234433'; Build Type 'Release'
OS: 'Windows 11  (10.0.26200) Professional' Language: 'es' Physical Memory: 15750 MB
BatchMode: 1, IsHumanControllingUs: 0, StartBugReporterOnCrash: 0, Is64bit: 1
System  architecture: x64
[Licensing::IpcConnector] Successfully connected to: "LicenseClient-adm_mgarciajavier" at "2026-10-09T12:11:21.7875762Z"
Process architecture: x64
Date: 2026-10-09T12:11:21Z

COMMAND LINE ARGUMENTS:
C:\Program Files\Unity\Hub\Editor\6000.3.8f1\Editor\Unity.exe
-batchmode
-quit
-projectPath
C:/Users/adm_mgarciajavier/Documents/Unity projects/Criminal-Game
-executeMethod
SolarOrganizationRevision.Run
-logFile
Documentation/SolarOrganizationFinal.log
Successfully changed project path to: C:/Users/adm_mgarciajavier/Documents/Unity projects/Criminal-Game
C:/Users/adm_mgarciajavier/Documents/Unity projects/Criminal-Game
[UnityMemory] Configuration Parameters - Can be set up in boot.config
    "memorysetup-temp-allocator-size-nav-mesh-worker=65536"
    "memorysetup-temp-allocator-size-audio-worker=65536"
    "memorysetup-temp-allocator-size-gfx=262144"
    "memorysetup-allocator-temp-initial-block-size-main=262144"
    "memorysetup-allocator-temp-initial-block-size-worker=262144"
    "memorysetup-temp-allocator-size-background-worker=32768"
    "memorysetup-temp-allocator-size-job-worker=262144"
    "memorysetup-temp-allocator-size-preload-manager=33554432"
    "memorysetup-temp-allocator-size-gi-baking-worker=262144"
    "memorysetup-temp-allocator-size-gi-baking-worker=262144"
    "memorysetup-temp-allocator-size-gi-baking-worker=262144"
    "memorysetup-temp-allocator-size-gi-baking-worker=262144"
    "memorysetup-temp-allocator-size-gi-baking-worker=262144"
    "memorysetup-bucket-allocator-granularity=16"
    "memorysetup-bucket-allocator-bucket-count=8"
    "memorysetup-bucket-allocator-block-size=33554432"
    "memorysetup-bucket-allocator-block-count=8"
    "memorysetup-main-allocator-block-size=16777216"
    "memorysetup-thread-allocator-block-size=16777216"
    "memorysetup-gfx-main-allocator-block-size=16777216"
    "memorysetup-gfx-thread-allocator-block-size=16777216"
    "memorysetup-cache-allocator-block-size=4194304"
    "memorysetup-typetree-allocator-block-size=2097152"
    "memorysetup-profiler-bucket-allocator-granularity=16"
    "memorysetup-profiler-bucket-allocator-bucket-count=8"
    "memorysetup-profiler-bucket-allocator-block-size=33554432"
    "memorysetup-profiler-bucket-allocator-block-count=8"
    "memorysetup-profiler-allocator-block-size=16777216"
    "memorysetup-profiler-editor-allocator-block-size=1048576"
    "memorysetup-temp-allocator-size-main=16777216"
    "memorysetup-job-temp-allocator-block-size=2097152"
    "memorysetup-job-temp-allocator-block-size-background=1048576"
    "memorysetup-job-temp-allocator-reduction-small-platforms=262144"
    "memorysetup-temp-allocator-size-cloud-worker=32768"
Player connection [33812]  Target information:

Player connection [33812]  * "[IP] 169.254.83.107 [Port] 55506 [Flags] 2 [Guid] 4083273418 [EditorId] 4083273418 [Version] 1048832 [Id] WindowsEditor(7,SEP02003ECP4) [Debug] 1 [PackageName] WindowsEditor [ProjectName] Editor" 

Player connection [33812]  * "[IP] 10.225.3.143 [Port] 55506 [Flags] 2 [Guid] 4083273418 [EditorId] 4083273418 [Version] 1048832 [Id] WindowsEditor(7,SEP02003ECP4) [Debug] 1 [PackageName] WindowsEditor [ProjectName] Editor" 

Player connection [33812] Host joined multi-casting on [225.0.0.222:54997]...
Player connection [33812] Host joined alternative multi-casting on [225.0.0.222:34997]...
Input System module state changed to: Initialized.
[Physics::Module] Initialized fallback backend.
[Physics::Module] Id: 0xdecafbad
[Package Manager] Connected to IPC stream "Upm-4728" after 0.5 seconds.
[Licensing::Module] Licensing is not yet initialized.
[Licensing::Client] Handshaking with LicensingClient:
  Version:                 1.17.4+4293ba1
  Session Id:              e22ffda0b20542eeb9a578e05d437697
  Correlation Id:          54fa6951693184acbf5e18a37c7d2537
  External correlation Id: 1824418092287848477
  Machine Id:              /vGJGymoPSYuLyiSLmM/5/OP03Q=
[Licensing::Module] Successfully connected to LicensingClient on channel: "LicenseClient-adm_mgarciajavier" (connect: 0.00s, validation: 0.00s, handshake: 2.17s)
[Licensing::IpcConnector] Successfully connected to: "LicenseClient-adm_mgarciajavier-notifications" at "2026-10-09T12:11:23.9605698Z"
[Licensing::Module] Error: Access token is unavailable; failed to update
[Licensing::Client] Successfully resolved entitlement details
[Licensing::Module] License group:
  Id: 6872099004708-UnityPersXXXX
  Product: Unity Personal
  Type: Assigned
  Expiration: Unlimited
[Licensing::Client] Successfully updated license, isAsync: True, time: 0.00
[Licensing::Client] Successfully resolved entitlement details
[Licensing::Module] Licensing Background thread has ended after 2.19s
[Licensing::Module] Licensing is initialized (took 1.23s).
[Licensing::Client] Successfully resolved entitlement details
Library Redirect Path: Library/
[Physics::Module] Selected backend.
[Physics::Module] Name: PhysX
[Physics::Module] Id: 0xf2b8ea05
[Physics::Module] SDK Version: 4.1.2
[Physics::Module] Integration Version: 1.0.0
[Physics::Module] Threading Mode: Multi-Threaded
Refreshing native plugins compatible for Editor in 0.37 ms, found 0 plugins.
Preloading 0 native plugins for Editor in 0.00 ms.
Initialize engine version: 6000.3.8f1 (1c7db571dde0)
[Subsystems] Discovering subsystems at path C:/Program Files/Unity/Hub/Editor/6000.3.8f1/Editor/Data/Resources/UnitySubsystems
[Subsystems] Discovering subsystems at path C:/Users/adm_mgarciajavier/Documents/Unity projects/Criminal-Game/Assets
GfxDevice: creating device client; kGfxThreadingModeNonThreaded
Direct3D:
    Version:  Direct3D 11.0 [level 11.1]
    Renderer: AMD Radeon(TM) Graphics (ID=0x1638)
    Vendor:   ATI
    VRAM:     7875 MB
    Driver:   31.0.21921.1000
Initialize mono
Mono path[0] = 'C:/Program Files/Unity/Hub/Editor/6000.3.8f1/Editor/Data/Managed'
Mono path[1] = 'C:/Program Files/Unity/Hub/Editor/6000.3.8f1/Editor/Data/MonoBleedingEdge/lib/mono/unityjit-win32'
Mono config path = 'C:/Program Files/Unity/Hub/Editor/6000.3.8f1/Editor/Data/MonoBleedingEdge/etc'
Using monoOptions --debugger-agent=transport=dt_socket,embedding=1,server=y,suspend=n,address=127.0.0.1:56728
Using cacheserver namespaces - metadata:defaultmetadata, artifacts:defaultartifacts
Using cacheserver namespaces - metadata:defaultmetadata, artifacts:defaultartifacts
ImportWorker Server TCP listen port: 0
AcceleratorClientConnectionCallback - disconnected - :0
Begin MonoManager ReloadAssembly
Registering precompiled unity dll's ...
Register platform support module: C:/Program Files/Unity/Hub/Editor/6000.3.8f1/Editor/Data/PlaybackEngines/WindowsStandaloneSupport/UnityEditor.WindowsStandalone.Extensions.dll
Registered in 0.002937 seconds.
- Loaded All Assemblies, in  0.533 seconds
Native extension for WindowsStandalone target not found
ScheduleIndexationOnStartup MainProcess:False IndexOnStartup:True
Mono: successfully reloaded assembly
- Finished resetting the current domain, in  0.509 seconds
Domain Reload Profiling: 1038ms
	BeginReloadAssembly (224ms)
		ExecutionOrderSort (0ms)
		DisableScriptedObjects (0ms)
		BackupInstance (0ms)
		ReleaseScriptingObjects (0ms)
		CreateAndSetChildDomain (9ms)
	RebuildCommonClasses (40ms)
	RebuildNativeTypeToScriptingClass (12ms)
	initialDomainReloadingComplete (60ms)
	LoadAllAssembliesAndSetupDomain (193ms)
		LoadAssemblies (209ms)
		RebuildTransferFunctionScriptingTraits (0ms)
		AnalyzeDomain (189ms)
			TypeCache.Refresh (186ms)
				TypeCache.ScanAssembly (171ms)
			BuildScriptInfoCaches (0ms)
			ResolveRequiredComponents (1ms)
	FinalizeReload (510ms)
		ReleaseScriptCaches (0ms)
		RebuildScriptCaches (0ms)
		SetupLoadedEditorAssemblies (466ms)
			LogAssemblyErrors (0ms)
			InitializePlatformSupportModulesInManaged (48ms)
			SetLoadedEditorAssemblies (4ms)
			BeforeProcessingInitializeOnLoad (102ms)
			ProcessInitializeOnLoadAttributes (195ms)
			ProcessInitializeOnLoadMethodAttributes (116ms)
			AfterProcessingInitializeOnLoad (0ms)
			EditorAssembliesLoaded (0ms)
		ExecutionOrderSort2 (0ms)
		AwakeInstancesAfterBackupRestoration (0ms)
[Licensing::Client] Successfully resolved entitlement details
Application.AssetDatabase Initial Refresh Start
Package Manager log level set to [2]
[Package Manager] Restoring resolved packages state from cache
[Licensing::Client] Successfully resolved entitlement details
[Package Manager] Registered 60 packages:
  Packages from [https://packages.unity.com]:
    com.unity.ai.navigation@2.0.10 (location: C:\Users\adm_mgarciajavier\Documents\Unity projects\Criminal-Game\Library\PackageCache\com.unity.ai.navigation@c33a115e9883)
    com.unity.collab-proxy@2.11.3 (location: C:\Users\adm_mgarciajavier\Documents\Unity projects\Criminal-Game\Library\PackageCache\com.unity.collab-proxy@e566cd3e7623)
    com.unity.formats.fbx@5.1.5 (location: C:\Users\adm_mgarciajavier\Documents\Unity projects\Criminal-Game\Library\PackageCache\com.unity.formats.fbx@86d1698ebb13)
    com.unity.ide.rider@3.0.39 (location: C:\Users\adm_mgarciajavier\Documents\Unity projects\Criminal-Game\Library\PackageCache\com.unity.ide.rider@4504839d03f7)
    com.unity.ide.visualstudio@2.0.26 (location: C:\Users\adm_mgarciajavier\Documents\Unity projects\Criminal-Game\Library\PackageCache\com.unity.ide.visualstudio@a99d56dec63f)
    com.unity.inputsystem@1.18.0 (location: C:\Users\adm_mgarciajavier\Documents\Unity projects\Criminal-Game\Library\PackageCache\com.unity.inputsystem@57d0e36f6123)
    com.unity.postprocessing@3.5.1 (location: C:\Users\adm_mgarciajavier\Documents\Unity projects\Criminal-Game\Library\PackageCache\com.unity.postprocessing@4a41da475b74)
    com.unity.timeline@1.8.10 (location: C:\Users\adm_mgarciajavier\Documents\Unity projects\Criminal-Game\Library\PackageCache\com.unity.timeline@7f8b2fb101b6)
    com.unity.visualscripting@1.9.9 (location: C:\Users\adm_mgarciajavier\Documents\Unity projects\Criminal-Game\Library\PackageCache\com.unity.visualscripting@191c0d7e3b69)
    com.unity.searcher@4.9.4 (location: C:\Users\adm_mgarciajavier\Documents\Unity projects\Criminal-Game\Library\PackageCache\com.unity.searcher@d45a78918735)
    com.autodesk.fbx@5.1.3 (location: C:\Users\adm_mgarciajavier\Documents\Unity projects\Criminal-Game\Library\PackageCache\com.autodesk.fbx@90432ec06ab5)
    com.unity.burst@1.8.27 (location: C:\Users\adm_mgarciajavier\Documents\Unity projects\Criminal-Game\Library\PackageCache\com.unity.burst@973857688024)
    com.unity.mathematics@1.3.3 (location: C:\Users\adm_mgarciajavier\Documents\Unity projects\Criminal-Game\Library\PackageCache\com.unity.mathematics@19a9377c4ffa)
    com.unity.collections@2.6.2 (location: C:\Users\adm_mgarciajavier\Documents\Unity projects\Criminal-Game\Library\PackageCache\com.unity.collections@aea9d3bd5e19)
    com.unity.nuget.mono-cecil@1.11.6 (location: C:\Users\adm_mgarciajavier\Documents\Unity projects\Criminal-Game\Library\PackageCache\com.unity.nuget.mono-cecil@ecb9724e46ff)
    com.unity.test-framework.performance@3.2.0 (location: C:\Users\adm_mgarciajavier\Documents\Unity projects\Criminal-Game\Library\PackageCache\com.unity.test-framework.performance@0840f58e4562)
  Built-in packages:
    com.unity.multiplayer.center@1.0.1 (location: C:\Users\adm_mgarciajavier\Documents\Unity projects\Criminal-Game\Library\PackageCache\com.unity.multiplayer.center@f01f4ba8d00a)
    com.unity.render-pipelines.universal@17.3.0 (location: C:\Users\adm_mgarciajavier\Documents\Unity projects\Criminal-Game\Library\PackageCache\com.unity.render-pipelines.universal@a6e30d1f59f5)
    com.unity.shadergraph@17.3.0 (location: C:\Users\adm_mgarciajavier\Documents\Unity projects\Criminal-Game\Library\PackageCache\com.unity.shadergraph@d44b48771ebb)
    com.unity.test-framework@1.6.0 (location: C:\Users\adm_mgarciajavier\Documents\Unity projects\Criminal-Game\Library\PackageCache\com.unity.test-framework@0b7a23ab2e1d)
    com.unity.ugui@2.0.0 (location: C:\Users\adm_mgarciajavier\Documents\Unity projects\Criminal-Game\Library\PackageCache\com.unity.ugui@bb329a87fcdc)
    com.unity.modules.accessibility@1.0.0 (location: C:\Users\adm_mgarciajavier\Documents\Unity projects\Criminal-Game\Library\PackageCache\com.unity.modules.accessibility)
    com.unity.modules.adaptiveperformance@1.0.0 (location: C:\Users\adm_mgarciajavier\Documents\Unity projects\Criminal-Game\Library\PackageCache\com.unity.modules.adaptiveperformance)
    com.unity.modules.ai@1.0.0 (location: C:\Users\adm_mgarciajavier\Documents\Unity projects\Criminal-Game\Library\PackageCache\com.unity.modules.ai)
    com.unity.modules.androidjni@1.0.0 (location: C:\Users\adm_mgarciajavier\Documents\Unity projects\Criminal-Game\Library\PackageCache\com.unity.modules.androidjni)
    com.unity.modules.animation@1.0.0 (location: C:\Users\adm_mgarciajavier\Documents\Unity projects\Criminal-Game\Library\PackageCache\com.unity.modules.animation)
    com.unity.modules.assetbundle@1.0.0 (location: C:\Users\adm_mgarciajavier\Documents\Unity projects\Criminal-Game\Library\PackageCache\com.unity.modules.assetbundle)
    com.unity.modules.audio@1.0.0 (location: C:\Users\adm_mgarciajavier\Documents\Unity projects\Criminal-Game\Library\PackageCache\com.unity.modules.audio)
    com.unity.modules.cloth@1.0.0 (location: C:\Users\adm_mgarciajavier\Documents\Unity projects\Criminal-Game\Library\PackageCache\com.unity.modules.cloth)
    com.unity.modules.director@1.0.0 (location: C:\Users\adm_mgarciajavier\Documents\Unity projects\Criminal-Game\Library\PackageCache\com.unity.modules.director)
    com.unity.modules.imageconversion@1.0.0 (location: C:\Users\adm_mgarciajavier\Documents\Unity projects\Criminal-Game\Library\PackageCache\com.unity.modules.imageconversion)
    com.unity.modules.imgui@1.0.0 (location: C:\Users\adm_mgarciajavier\Documents\Unity projects\Criminal-Game\Library\PackageCache\com.unity.modules.imgui)
    com.unity.modules.jsonserialize@1.0.0 (location: C:\Users\adm_mgarciajavier\Documents\Unity projects\Criminal-Game\Library\PackageCache\com.unity.modules.jsonserialize)
    com.unity.modules.particlesystem@1.0.0 (location: C:\Users\adm_mgarciajavier\Documents\Unity projects\Criminal-Game\Library\PackageCache\com.unity.modules.particlesystem)
    com.unity.modules.physics@1.0.0 (location: C:\Users\adm_mgarciajavier\Documents\Unity projects\Criminal-Game\Library\PackageCache\com.unity.modules.physics)
    com.unity.modules.physics2d@1.0.0 (location: C:\Users\adm_mgarciajavier\Documents\Unity projects\Criminal-Game\Library\PackageCache\com.unity.modules.physics2d)
    com.unity.modules.screencapture@1.0.0 (location: C:\Users\adm_mgarciajavier\Documents\Unity projects\Criminal-Game\Library\PackageCache\com.unity.modules.screencapture)
    com.unity.modules.terrain@1.0.0 (location: C:\Users\adm_mgarciajavier\Documents\Unity projects\Criminal-Game\Library\PackageCache\com.unity.modules.terrain)
    com.unity.modules.terrainphysics@1.0.0 (location: C:\Users\adm_mgarciajavier\Documents\Unity projects\Criminal-Game\Library\PackageCache\com.unity.modules.terrainphysics)
    com.unity.modules.tilemap@1.0.0 (location: C:\Users\adm_mgarciajavier\Documents\Unity projects\Criminal-Game\Library\PackageCache\com.unity.modules.tilemap)
    com.unity.modules.ui@1.0.0 (location: C:\Users\adm_mgarciajavier\Documents\Unity projects\Criminal-Game\Library\PackageCache\com.unity.modules.ui)
    com.unity.modules.uielements@1.0.0 (location: C:\Users\adm_mgarciajavier\Documents\Unity projects\Criminal-Game\Library\PackageCache\com.unity.modules.uielements)
    com.unity.modules.umbra@1.0.0 (location: C:\Users\adm_mgarciajavier\Documents\Unity projects\Criminal-Game\Library\PackageCache\com.unity.modules.umbra)
    com.unity.modules.unityanalytics@1.0.0 (location: C:\Users\adm_mgarciajavier\Documents\Unity projects\Criminal-Game\Library\PackageCache\com.unity.modules.unityanalytics)
    com.unity.modules.unitywebrequest@1.0.0 (location: C:\Users\adm_mgarciajavier\Documents\Unity projects\Criminal-Game\Library\PackageCache\com.unity.modules.unitywebrequest)
    com.unity.modules.unitywebrequestassetbundle@1.0.0 (location: C:\Users\adm_mgarciajavier\Documents\Unity projects\Criminal-Game\Library\PackageCache\com.unity.modules.unitywebrequestassetbundle)
    com.unity.modules.unitywebrequestaudio@1.0.0 (location: C:\Users\adm_mgarciajavier\Documents\Unity projects\Criminal-Game\Library\PackageCache\com.unity.modules.unitywebrequestaudio)
    com.unity.modules.unitywebrequesttexture@1.0.0 (location: C:\Users\adm_mgarciajavier\Documents\Unity projects\Criminal-Game\Library\PackageCache\com.unity.modules.unitywebrequesttexture)
    com.unity.modules.unitywebrequestwww@1.0.0 (location: C:\Users\adm_mgarciajavier\Documents\Unity projects\Criminal-Game\Library\PackageCache\com.unity.modules.unitywebrequestwww)
    com.unity.modules.vectorgraphics@1.0.0 (location: C:\Users\adm_mgarciajavier\Documents\Unity projects\Criminal-Game\Library\PackageCache\com.unity.modules.vectorgraphics)
    com.unity.modules.vehicles@1.0.0 (location: C:\Users\adm_mgarciajavier\Documents\Unity projects\Criminal-Game\Library\PackageCache\com.unity.modules.vehicles)
    com.unity.modules.video@1.0.0 (location: C:\Users\adm_mgarciajavier\Documents\Unity projects\Criminal-Game\Library\PackageCache\com.unity.modules.video)
    com.unity.modules.vr@1.0.0 (location: C:\Users\adm_mgarciajavier\Documents\Unity projects\Criminal-Game\Library\PackageCache\com.unity.modules.vr)
    com.unity.modules.wind@1.0.0 (location: C:\Users\adm_mgarciajavier\Documents\Unity projects\Criminal-Game\Library\PackageCache\com.unity.modules.wind)
    com.unity.modules.xr@1.0.0 (location: C:\Users\adm_mgarciajavier\Documents\Unity projects\Criminal-Game\Library\PackageCache\com.unity.modules.xr)
    com.unity.modules.subsystems@1.0.0 (location: C:\Users\adm_mgarciajavier\Documents\Unity projects\Criminal-Game\Library\PackageCache\com.unity.modules.subsystems)
    com.unity.modules.hierarchycore@1.0.0 (location: C:\Users\adm_mgarciajavier\Documents\Unity projects\Criminal-Game\Library\PackageCache\com.unity.modules.hierarchycore)
    com.unity.ext.nunit@2.0.5 (location: C:\Users\adm_mgarciajavier\Documents\Unity projects\Criminal-Game\Library\PackageCache\com.unity.ext.nunit@d8c07649098d)
    com.unity.render-pipelines.core@17.3.0 (location: C:\Users\adm_mgarciajavier\Documents\Unity projects\Criminal-Game\Library\PackageCache\com.unity.render-pipelines.core@d6dfd1e235d5)
    com.unity.render-pipelines.universal-config@17.0.3 (location: C:\Users\adm_mgarciajavier\Documents\Unity projects\Criminal-Game\Library\PackageCache\com.unity.render-pipelines.universal-config@8dc1aab4af1d)
[Subsystems] No new subsystems found in resolved package list.
[Package Manager] Done registering packages in 0.05 seconds
[ScriptCompilation] Requested script compilation because: Assetdatabase observed changes in script compilation related files
Starting: C:\Program Files\Unity\Hub\Editor\6000.3.8f1\Editor\Data\Tools\BuildPipeline\bee_backend.exe --ipc --defer-dag-verification --dagfile="Library/Bee/1900b0aE.dag" --continue-on-failure --profile="Library/Bee/backend1.traceevents" ScriptAssemblies
WorkingDir: C:/Users/adm_mgarciajavier/Documents/Unity projects/Criminal-Game
DisplayProgressbar: Compiling Scripts
ExitCode: 0 Duration: 2s108ms
[729/932    0s] ILPP-Configuration Library/ilpp-configuration.nevergeneratedoutput
[928/932    0s] Csc Library/Bee/artifacts/1900b0aE.dag/Assembly-CSharp-Editor.dll (+2 others)
[929/932    0s] ILPostProcess Library/Bee/artifacts/1900b0aE.dag/post-processed/Assembly-CSharp-Editor.dll (+pdb)
Processing assembly Library/Bee/artifacts/1900b0aE.dag/Assembly-CSharp-Editor.dll, with 137 defines and 339 references

processors: Unity.Jobs.CodeGen.JobsILPostProcessor, zzzUnity.Burst.CodeGen.BurstILPostProcessor

running Unity.Jobs.CodeGen.JobsILPostProcessor

running zzzUnity.Burst.CodeGen.BurstILPostProcessor
[930/932    0s] CopyFiles Library/ScriptAssemblies/Assembly-CSharp-Editor.pdb
[931/932    0s] CopyFiles Library/ScriptAssemblies/Assembly-CSharp-Editor.dll
*** Tundra build success (1.97 seconds), 5 items updated, 932 evaluated
AssetDatabase: script compilation time: 3.074739s
Begin MonoManager ReloadAssembly
- Loaded All Assemblies, in  1.308 seconds
Refreshing native plugins compatible for Editor in 4.28 ms, found 4 plugins.
Native extension for WindowsStandalone target not found
ScheduleIndexationOnStartup MainProcess:True IndexOnStartup:True
Mono: successfully reloaded assembly
- Finished resetting the current domain, in  3.556 seconds
Domain Reload Profiling: 4856ms
	BeginReloadAssembly (427ms)
		ExecutionOrderSort (0ms)
		DisableScriptedObjects (18ms)
		BackupInstance (0ms)
		ReleaseScriptingObjects (0ms)
		CreateAndSetChildDomain (195ms)
	RebuildCommonClasses (40ms)
	RebuildNativeTypeToScriptingClass (12ms)
	initialDomainReloadingComplete (41ms)
	LoadAllAssembliesAndSetupDomain (779ms)
		LoadAssemblies (566ms)
		RebuildTransferFunctionScriptingTraits (0ms)
		AnalyzeDomain (350ms)
			TypeCache.Refresh (243ms)
				TypeCache.ScanAssembly (227ms)
			BuildScriptInfoCaches (89ms)
			ResolveRequiredComponents (14ms)
	FinalizeReload (3557ms)
		ReleaseScriptCaches (0ms)
		RebuildScriptCaches (0ms)
		SetupLoadedEditorAssemblies (3113ms)
			LogAssemblyErrors (0ms)
			InitializePlatformSupportModulesInManaged (30ms)
			SetLoadedEditorAssemblies (7ms)
			BeforeProcessingInitializeOnLoad (274ms)
			ProcessInitializeOnLoadAttributes (2628ms)
			ProcessInitializeOnLoadMethodAttributes (159ms)
			AfterProcessingInitializeOnLoad (15ms)
			EditorAssembliesLoaded (0ms)
		ExecutionOrderSort2 (0ms)
		AwakeInstancesAfterBackupRestoration (22ms)
Refreshing native plugins compatible for Editor in 3.74 ms, found 4 plugins.
Preloading 0 native plugins for Editor in 0.00 ms.
Asset Pipeline Refresh (id=29c6ffa00141e6647814dddb19189905): Total: 9.326 seconds - Initiated by InitialRefreshV2(ForceSynchronousImport)
	Summary:
		Imports: total=0 (actual=0, local cache=0, cache server=0)
		Asset DB Process Time: managed=0 ms, native=4325 ms
		Asset DB Callback time: managed=474 ms, native=64 ms
		Scripting: domain reloads=1, domain reload time=1309 ms, compile time=3078 ms, other=72 ms
		Project Asset Count: scripts=1437, non-scripts=3425
		Asset File Changes: new=0, changed=1, moved=0, deleted=0
		Scan Filter Count: 0
	InvokeCustomDependenciesCallbacks: 0.003ms
	InvokePackagesCallback: 59.594ms
	ApplyChangesToAssetFolders: 0.950ms
	Scan: 195.917ms
	OnSourceAssetsModified: 0.943ms
	CategorizeAssetsWithTransientArtifact: 109.337ms
	ProcessAssetsWithTransientArtifactChanges: 118.916ms
	CategorizeAssets: 90.990ms
	ImportOutOfDateAssets: 3579.292ms (496.859ms without children)
		CompileScripts: 3078.188ms
		ReloadNativeAssets: 0.051ms
		UnloadImportedAssets: 1.677ms
		EnsureUptoDateAssetsAreRegisteredWithGuidPM: 1.888ms
		InitializingProgressBar: 0.001ms
		PostProcessAllAssetNotificationsAddChangedAssets: 0.001ms
		OnDemandSchedulerStart: 0.628ms
	PostProcessAllAssets: 477.814ms
	Hotreload: 5.939ms
	GatherAllCurrentPrimaryArtifactRevisions: 0.002ms
	UnloadStreamsBegin: 2.991ms
	PersistCurrentRevisions: 0.170ms
	UnloadStreamsEnd: 0.003ms
	GenerateScriptTypeHashes: 5.036ms
	Untracked: 4682.875ms

Application.AssetDatabase Initial Refresh End
Launched and connected shader compiler UnityShaderCompiler.exe after 0.05 seconds
Scanning for USB devices : 5.324ms
Initializing Unity extensions:
[MODES] ModeService[none].Initialize
[MODES] ModeService[none].LoadModes
[MODES] Loading mode Default (0) for mode-current-id-Criminal Bussines
Unloading 31 Unused Serialized files (Serialized files now loaded: 0)
Unloading 6652 unused Assets / (7.9 MB). Loaded Objects now: 7512.
Memory consumption went from 209.9 MB to 202.0 MB.
Total: 15.158200 ms (FindLiveObjects: 0.841700 ms CreateObjectMapping: 0.826900 ms MarkObjects: 8.499400 ms  DeleteObjects: 4.988200 ms)

Loaded scene 'Library/Unused/01edaef362787f640a64baf7339a9960'
	Deserialize:            5.051 ms
	Integration:            2.368 ms
	Integration of assets:  0.469 ms
	Thread Wait Time:       0.027 ms
	Total Operation Time:   7.915 ms
Asset Pipeline Refresh (id=48b93f64f86103c46842a187afc67bea): Total: 0.123 seconds - Initiated by StopAssetImportingV2(NoUpdateAssetOptions)
Loaded scene 'Library/Unused/8b749d49de2f34840af8661d69a80e67'
	Deserialize:            44.368 ms
	Integration:            4.631 ms
	Integration of assets:  16.802 ms
	Thread Wait Time:       0.295 ms
	Total Operation Time:   66.095 ms
Asset Pipeline Refresh (id=8c0b5d685c4e7ab4ca77d4f5a30c08ed): Total: 0.026 seconds - Initiated by StopAssetImportingV2(NoUpdateAssetOptions)
Loaded scene 'Library/Unused/b8eec75e7bf95874eaa3ea45acc5c718'
	Deserialize:            3.106 ms
	Integration:            0.353 ms
	Integration of assets:  0.279 ms
	Thread Wait Time:       0.026 ms
	Total Operation Time:   3.763 ms
Asset Pipeline Refresh (id=349e9491d8e2a054f9bb8160d5257041): Total: 0.020 seconds - Initiated by StopAssetImportingV2(NoUpdateAssetOptions)
Loaded scene 'Library/Unused/821cf21a5ade30947ba37b94dcb93180'
	Deserialize:            8.608 ms
	Integration:            0.378 ms
	Integration of assets:  0.410 ms
	Thread Wait Time:       42.054 ms
	Total Operation Time:   51.449 ms
Asset Pipeline Refresh (id=e9ab7fe5dc9e4f249bcb3ea12a42cbf7): Total: 0.019 seconds - Initiated by StopAssetImportingV2(NoUpdateAssetOptions)
Loaded scene 'Library/Unused/657a13e2f42fac843ba0988e71a642f4'
	Deserialize:            5.188 ms
	Integration:            2.053 ms
	Integration of assets:  0.293 ms
	Thread Wait Time:       0.018 ms
	Total Operation Time:   7.552 ms
Asset Pipeline Refresh (id=1933c71f092f3d64680e15536e04e3a0): Total: 0.021 seconds - Initiated by StopAssetImportingV2(NoUpdateAssetOptions)
Loaded scene 'Library/Unused/14f2449a786ffc54c959d69a404a488c'
	Deserialize:            9.757 ms
	Integration:            0.798 ms
	Integration of assets:  0.335 ms
	Thread Wait Time:       0.025 ms
	Total Operation Time:   10.915 ms
Asset Pipeline Refresh (id=93d7671d9a1ca354a9740c6039e43329): Total: 0.021 seconds - Initiated by StopAssetImportingV2(NoUpdateAssetOptions)
Opening scene 'Assets/Scenes/10_World_City.unity'
Unloading 129 Unused Serialized files (Serialized files now loaded: 0)
Loaded scene 'Assets/Scenes/10_World_City.unity'
	Deserialize:            262.658 ms
	Integration:            877.968 ms
	Integration of assets:  58.060 ms
	Thread Wait Time:       0.279 ms
	Total Operation Time:   1198.965 ms
Unloading 9 unused Assets / (1.8 KB). Loaded Objects now: 12982.
Memory consumption went from 260.2 MB to 260.2 MB.
Total: 24.278900 ms (FindLiveObjects: 2.217800 ms CreateObjectMapping: 2.017800 ms MarkObjects: 19.847200 ms  DeleteObjects: 0.192800 ms)

Start importing Assets/Construction/WallMeshes/Corner_Wall_incomplete.asset using Guid(c321e2f9e3df8a547847a76626071862) (NativeFormatImporter) -> (artifact id: '5891aacac883de2498222c57afbe7bfb') in 0.0197903 seconds
Start importing Assets/Construction/WallMeshes/Corner_Wall_semincomplete_incomplete.asset using Guid(f4eba724d98df464780a56e486463aa6) (NativeFormatImporter) -> (artifact id: '5b3f2748cd78707684d3060093310683') in 0.0061155 seconds
Start importing Assets/Construction/WallMeshes/Corner_Wall_incomplete_incomplete.asset using Guid(7801be07458680d4983497bd248111e1) (NativeFormatImporter) -> (artifact id: '5e5d66e68c73b850202499013e6f6cd5') in 0.0069129 seconds
Refreshing native plugins compatible for Editor in 4.64 ms, found 4 plugins.
Preloading 0 native plugins for Editor in 0.00 ms.
Asset Pipeline Refresh (id=d47ea935a56af52488cffa0f0ee92d4a): Total: 0.131 seconds - Initiated by StopAssetImportingV2(NoUpdateAssetOptions)
Start importing Assets/Scenes/10_World_City.unity using Guid(a6b5732f9273c2648a7317671c528327) (DefaultImporter) -> (artifact id: 'dc7e69cba670610469901be792854e47') in 0.0026519 seconds
Refreshing native plugins compatible for Editor in 4.17 ms, found 4 plugins.
Preloading 0 native plugins for Editor in 0.00 ms.
Asset Pipeline Refresh (id=105777fcdde538b4fb153749d914ecbf): Total: 0.072 seconds - Initiated by StopAssetImportingV2(NoUpdateAssetOptions)
Opening scene 'Assets/Scenes/10_World_City.unity'
Unloading 24 Unused Serialized files (Serialized files now loaded: 0)
Loaded scene 'Assets/Scenes/10_World_City.unity'
	Deserialize:            23.725 ms
	Integration:            310.216 ms
	Integration of assets:  0.007 ms
	Thread Wait Time:       0.060 ms
	Total Operation Time:   334.007 ms
Unloading 158 unused Assets / (33.7 KB). Loaded Objects now: 13038.
Memory consumption went from 269.3 MB to 269.3 MB.
Total: 14.185300 ms (FindLiveObjects: 1.172500 ms CreateObjectMapping: 0.862200 ms MarkObjects: 11.528700 ms  DeleteObjects: 0.620800 ms)

SUCCESS walls swapped=56; roots parented=0; backup=Documentation/SolarOrganizationBackup/20261009_121135
UnityEngine.Debug:ExtractStackTraceNoAlloc (byte*,int,string)
UnityEngine.StackTraceUtility:ExtractStackTrace ()
UnityEngine.DebugLogHandler:Internal_Log (UnityEngine.LogType,UnityEngine.LogOption,string,UnityEngine.Object)
UnityEngine.DebugLogHandler:LogFormat (UnityEngine.LogType,UnityEngine.Object,string,object[])
UnityEngine.Logger:Log (UnityEngine.LogType,object)
UnityEngine.Debug:Log (object)
SolarOrganizationRevision:RunInternal (bool) (at Assets/Editor/SolarOrganizationRevision.cs:207)
SolarOrganizationRevision:Run () (at Assets/Editor/SolarOrganizationRevision.cs:134)

(Filename: Assets/Editor/SolarOrganizationRevision.cs Line: 207)

Batchmode quit successfully invoked - shutting down!
[Physics::Module] Cleanup current backend.
[Physics::Module] Id: 0xf2b8ea05
Input System module state changed to: ShutdownInProgress.
Input System polling thread exited.
Input System module state changed to: Shutdown.
[Licensing::IpcConnector] LicenseClient-adm_mgarciajavier-notifications channel disconnected successfully.
[Licensing::IpcConnector] LicenseClient-adm_mgarciajavier channel disconnected successfully.
AcceleratorClientConnectionCallback - disconnected - :0
Cleanup mono
Exiting batchmode successfully now!
Exiting without the bug reporter. Application will terminate with return code 0